Component: ARM Compiler 5.06 update 7 (build 960) Tool: armlink [4d3601]

==============================================================================

Section Cross References

    startup.o(STACK) refers (Special) to heapauxi.o(.text) for __use_two_region_memory
    startup.o(HEAP) refers (Special) to heapauxi.o(.text) for __use_two_region_memory
    startup.o(RESET) refers (Special) to heapauxi.o(.text) for __use_two_region_memory
    startup.o(RESET) refers to startup.o(STACK) for StackMem
    startup.o(RESET) refers to tetris.o(i.SysTick_Handler) for SysTick_Handler
    startup.o(RESET) refers to tetris.o(i.GPIOPortE_Handler) for GPIOPortE_Handler
    startup.o(RESET) refers to timer0.o(i.Timer0A_Handler) for Timer0A_Handler
    startup.o(RESET) refers to tetris.o(i.Timer1A_Handler) for Timer1A_Handler
    startup.o(RESET) refers to timer0.o(i.Timer1B_Handler) for Timer1B_Handler
    startup.o(RESET) refers to timer0.o(i.Timer2A_Handler) for Timer2A_Handler
    startup.o(RESET) refers to tetris.o(i.GPIOPortF_Handler) for GPIOPortF_Handler
    startup.o(RESET) refers to texas.o(i.Timer5A_Handler) for Timer5A_Handler
    startup.o(RESET) refers to __main.o(!!!main) for __main
    startup.o(.text) refers (Special) to heapauxi.o(.text) for __use_two_region_memory
    startup.o(.text) refers to startup.o(HEAP) for HeapMem
    startup.o(.text) refers to startup.o(STACK) for StackMem
    random.o(.text) refers to random.o(DATA) for M
    timer0.o(i.Timer0A_Handler) refers to sound.o(i.playgameover) for playgameover
    timer0.o(i.Timer0_Init) refers to timer0.o(.data) for soundplay0
    timer0.o(i.Timer1B_Handler) refers to sound.o(i.playrowclear) for playrowclear
    timer0.o(i.Timer1_Init) refers to timer0.o(.data) for soundplay1
    timer0.o(i.Timer2A_Handler) refers to sound.o(i.playtetris) for playtetris
    timer0.o(i.Timer2A_Handler) refers to timer0.o(.data) for timercount
    timer0.o(i.Timer2_Init) refers to timer0.o(.data) for soundplay2
    sound.o(i.Sound_Init) refers to dac.o(i.DAC_Init) for DAC_Init
    sound.o(i.playgameover) refers to timer0.o(i.Timer2A_Stop) for Timer2A_Stop
    sound.o(i.playgameover) refers to dac.o(i.DAC_Out) for DAC_Out
    sound.o(i.playgameover) refers to sound.o(.data) for gameoverCounter
    sound.o(i.playrowclear) refers to timer0.o(i.Timer0A_Stop) for Timer0A_Stop
    sound.o(i.playrowclear) refers to dac.o(i.DAC_Out) for DAC_Out
    sound.o(i.playrowclear) refers to sound.o(.data) for rowclearCounter
    sound.o(i.playtetris) refers to timer0.o(i.Timer1B_Stop) for Timer1B_Stop
    sound.o(i.playtetris) refers to dac.o(i.DAC_Out) for DAC_Out
    sound.o(i.playtetris) refers to sound.o(.data) for tetrisCounter
    print.o(.text) refers (Special) to st7735.o(i.ST7735_OutString) for ST7735_OutString
    print.o(.text) refers to st7735.o(i.ST7735_OutChar) for ST7735_OutChar
    st7735.o(i.Output_Clear) refers to st7735.o(i.ST7735_FillScreen) for ST7735_FillScreen
    st7735.o(i.Output_Color) refers to st7735.o(i.ST7735_SetTextColor) for ST7735_SetTextColor
    st7735.o(i.Output_Init) refers to st7735.o(i.ST7735_InitR) for ST7735_InitR
    st7735.o(i.Output_Init) refers to st7735.o(i.ST7735_FillScreen) for ST7735_FillScreen
    st7735.o(i.Output_Off) refers to st7735.o(i.Output_Clear) for Output_Clear
    st7735.o(i.Output_On) refers to st7735.o(i.Output_Init) for Output_Init
    st7735.o(i.ST7735_DrawBitmap) refers to st7735.o(i.setAddrWindow) for setAddrWindow
    st7735.o(i.ST7735_DrawBitmap) refers to lcd.o(.text) for writedata
    st7735.o(i.ST7735_DrawBitmap) refers to st7735.o(.data) for _width
    st7735.o(i.ST7735_DrawChar) refers to st7735.o(i.setAddrWindow) for setAddrWindow
    st7735.o(i.ST7735_DrawChar) refers to st7735.o(i.pushColor) for pushColor
    st7735.o(i.ST7735_DrawChar) refers to st7735.o(.data) for _width
    st7735.o(i.ST7735_DrawChar) refers to st7735.o(.constdata) for Font
    st7735.o(i.ST7735_DrawCharS) refers to st7735.o(i.ST7735_DrawPixel) for ST7735_DrawPixel
    st7735.o(i.ST7735_DrawCharS) refers to st7735.o(i.ST7735_FillRect) for ST7735_FillRect
    st7735.o(i.ST7735_DrawCharS) refers to st7735.o(.data) for _width
    st7735.o(i.ST7735_DrawCharS) refers to st7735.o(.constdata) for Font
    st7735.o(i.ST7735_DrawCircle) refers to st7735.o(i.setAddrWindow) for setAddrWindow
    st7735.o(i.ST7735_DrawCircle) refers to lcd.o(.text) for writedata
    st7735.o(i.ST7735_DrawCircle) refers to st7735.o(i.deselect) for deselect
    st7735.o(i.ST7735_DrawCircle) refers to st7735.o(.data) for _width
    st7735.o(i.ST7735_DrawCircle) refers to st7735.o(.constdata) for circle
    st7735.o(i.ST7735_DrawFastHLine) refers to st7735.o(i.setAddrWindow) for setAddrWindow
    st7735.o(i.ST7735_DrawFastHLine) refers to lcd.o(.text) for writedata
    st7735.o(i.ST7735_DrawFastHLine) refers to st7735.o(.data) for _width
    st7735.o(i.ST7735_DrawFastVLine) refers to st7735.o(i.setAddrWindow) for setAddrWindow
[...]
    st7735.o(i.ST7735_PlotNextErase) refers to st7735.o(i.ST7735_Color565) for ST7735_Color565
    st7735.o(i.ST7735_PlotNextErase) refers to st7735.o(i.ST7735_DrawFastVLine) for ST7735_DrawFastVLine
    st7735.o(i.ST7735_PlotNextErase) refers to st7735.o(.data) for X
    st7735.o(i.ST7735_PlotPoint) refers to st7735.o(i.ST7735_DrawPixel) for ST7735_DrawPixel
    st7735.o(i.ST7735_PlotPoint) refers to st7735.o(.data) for Ymin
    st7735.o(i.ST7735_PlotPoints) refers to st7735.o(i.ST7735_DrawPixel) for ST7735_DrawPixel
    st7735.o(i.ST7735_PlotPoints) refers to st7735.o(.data) for Ymin
    st7735.o(i.ST7735_PlotdBfs) refers to st7735.o(i.ST7735_DrawFastVLine) for ST7735_DrawFastVLine
    st7735.o(i.ST7735_PlotdBfs) refers to st7735.o(.constdata) for dBfs
    st7735.o(i.ST7735_PlotdBfs) refers to st7735.o(.data) for X
    st7735.o(i.ST7735_SetCursor) refers to st7735.o(.data) for StX
    st7735.o(i.ST7735_SetRotation) refers to lcd.o(.text) for writecommand
    st7735.o(i.ST7735_SetRotation) refers to st7735.o(.data) for Rotation
    st7735.o(i.ST7735_SetTextColor) refers to st7735.o(.data) for StTextColor
    st7735.o(i.commandList) refers to lcd.o(.text) for writecommand
    st7735.o(i.commandList) refers to st7735.o(i.Delay1ms) for Delay1ms
    st7735.o(i.commonInit) refers to st7735.o(i.Delay1ms) for Delay1ms
    st7735.o(i.commonInit) refers to st7735.o(i.commandList) for commandList
    st7735.o(i.commonInit) refers to st7735.o(.data) for RowStart
    st7735.o(i.fillmessage) refers to st7735.o(.bss) for Message
    st7735.o(i.fillmessage) refers to st7735.o(.data) for Messageindex
    st7735.o(i.fputc) refers to st7735.o(i.ST7735_OutChar) for ST7735_OutChar
    st7735.o(i.pushColor) refers to lcd.o(.text) for writedata
    st7735.o(i.setAddrWindow) refers to lcd.o(.text) for writecommand
    st7735.o(i.setAddrWindow) refers to st7735.o(.data) for ColStart
    texas.o(i.PeriodicTask2_Init) refers to texas.o(.data) for PeriodicTask2
    texas.o(i.TExaS_Init) refers to startup.o(.text) for DisableInterrupts
    texas.o(i.TExaS_Init) refers to pll.o(i.PLL_Init) for PLL_Init
    texas.o(i.TExaS_Init) refers to texas.o(i.UART0_Init) for UART0_Init
    texas.o(i.TExaS_Init) refers to texas.o(i.PeriodicTask2_Init) for PeriodicTask2_Init
    texas.o(i.TExaS_Init) refers to texas.o(i.ADC1_Init) for ADC1_Init
    texas.o(i.TExaS_Init) refers to texas.o(i.LogicAnalyzerA) for LogicAnalyzerA
    texas.o(i.TExaS_Init) refers to texas.o(i.LogicAnalyzerB) for LogicAnalyzerB
    texas.o(i.TExaS_Init) refers to texas.o(i.LogicAnalyzerC) for LogicAnalyzerC
    texas.o(i.TExaS_Init) refers to texas.o(i.LogicAnalyzerE) for LogicAnalyzerE
    texas.o(i.TExaS_Init) refers to texas.o(i.LogicAnalyzerF) for LogicAnalyzerF
    texas.o(i.TExaS_Init) refers to texas.o(i.Scope) for Scope
    texas.o(i.TExaS_Stop) refers to texas.o(i.PeriodicTask2_Stop) for PeriodicTask2_Stop
    texas.o(i.Timer5A_Handler) refers to texas.o(.data) for PeriodicTask2
    texas.o(i.UART0_OutString) refers to texas.o(i.UART0_OutChar) for UART0_OutChar
    tetris.o(i.EdgeCounter_Init) refers to tetris.o(.data) for FallingEdges
    tetris.o(i.GPIOPortE_Handler) refers to tetris.o(i.rotateBlock) for rotateBlock
    tetris.o(i.GPIOPortE_Handler) refers to tetris.o(.data) for gamestart
    tetris.o(i.GPIOPortF_Handler) refers to tetris.o(i.blockDrop) for blockDrop
    tetris.o(i.GPIOPortF_Handler) refers to tetris.o(.data) for gamestart
    tetris.o(i.SysTick_Handler) refers to adc.o(i.ADC_In) for ADC_In
    tetris.o(i.SysTick_Handler) refers to adc.o(i.ADC_Position) for ADC_Position
    tetris.o(i.SysTick_Handler) refers to tetris.o(i.collisionCheckY) for collisionCheckY
    tetris.o(i.SysTick_Handler) refers to tetris.o(i.collisionCheckX) for collisionCheckX
    tetris.o(i.SysTick_Handler) refers to random.o(.text) for Random32
    tetris.o(i.SysTick_Handler) refers to tetris.o(.data) for ypos
    tetris.o(i.SysTick_Handler) refers to tetris.o(.bss) for tetrisBoard
    tetris.o(i.blockDrop) refers to tetris.o(i.collisionCheckX) for collisionCheckX
    tetris.o(i.blockDrop) refers to tetris.o(i.collisionCheckY) for collisionCheckY
    tetris.o(i.blockDrop) refers to tetris.o(.data) for wantedYpos
    tetris.o(i.blockDrop) refers to tetris.o(.bss) for tetrisBoard
    tetris.o(i.checkClear) refers to tetris.o(.bss) for tetrisBoard
    tetris.o(i.checkGameOver) refers to tetris.o(.bss) for tetrisBoard
    tetris.o(i.collisionCheckX) refers to tetris.o(.data) for BLOCK
    tetris.o(i.collisionCheckX) refers to tetris.o(.bss) for tetrisBoard
    tetris.o(i.collisionCheckY) refers to tetris.o(.data) for wantedYpos
    tetris.o(i.collisionCheckY) refers to tetris.o(.bss) for tetrisBoard
    tetris.o(i.drawBoard) refers to tetris.o(i.drawSquare) for drawSquare
    tetris.o(i.drawBoard) refers to tetris.o(.bss) for tetrisBoard
    tetris.o(i.drawSquare) refers to st7735.o(i.ST7735_DrawPixel) for ST7735_DrawPixel
    tetris.o(i.languageSelection) refers to st7735.o(i.ST7735_SetCursor) for ST7735_SetCursor
    tetris.o(i.languageSelection) refers to st7735.o(i.ST7735_OutString) for ST7735_OutString
    tetris.o(i.main) refers to startup.o(.text) for DisableInterrupts
    tetris.o(i.main) refers to st7735.o(i.ST7735_InitR) for ST7735_InitR
    tetris.o(i.main) refers to adc.o(i.ADC_Init) for ADC_Init
    tetris.o(i.main) refers to sound.o(i.Sound_Init) for Sound_Init
    tetris.o(i.main) refers to tetris.o(i.EdgeCounter_Init) for EdgeCounter_Init
    tetris.o(i.main) refers to random.o(.text) for Random_Init
    tetris.o(i.main) refers to st7735.o(i.ST7735_FillScreen) for ST7735_FillScreen
    tetris.o(i.main) refers to timer0.o(i.Timer0_Init) for Timer0_Init
    tetris.o(i.main) refers to timer0.o(i.Timer1_Init) for Timer1_Init
    tetris.o(i.main) refers to timer0.o(i.Timer2_Init) for Timer2_Init
    tetris.o(i.main) refers to st7735.o(i.ST7735_DrawBitmap) for ST7735_DrawBitmap
    tetris.o(i.main) refers to st7735.o(i.ST7735_SetTextColor) for ST7735_SetTextColor
    tetris.o(i.main) refers to tetris.o(i.languageSelection) for languageSelection
    tetris.o(i.main) refers to st7735.o(i.ST7735_SetCursor) for ST7735_SetCursor
    tetris.o(i.main) refers to st7735.o(i.ST7735_OutString) for ST7735_OutString
    tetris.o(i.main) refers to tetris.o(i.SysTick_Init) for SysTick_Init
    tetris.o(i.main) refers to st7735.o(i.ST7735_FillRect) for ST7735_FillRect
    tetris.o(i.main) refers to st7735.o(i.ST7735_DrawString) for ST7735_DrawString
    tetris.o(i.main) refers to tetris.o(i.drawBoard) for drawBoard
    tetris.o(i.main) refers to timer0.o(i.Timer2A_Start) for Timer2A_Start
    tetris.o(i.main) refers to sound.o(i.playtetris) for playtetris
    tetris.o(i.main) refers to tetris.o(i.checkClear) for checkClear
    tetris.o(i.main) refers to print.o(.text) for LCD_OutDec
    tetris.o(i.main) refers to tetris.o(i.checkGameOver) for checkGameOver
    tetris.o(i.main) refers to timer0.o(i.Timer1B_Start) for Timer1B_Start
    tetris.o(i.main) refers to timer0.o(i.Timer0A_Start) for Timer0A_Start
    tetris.o(i.main) refers to sound.o(i.playgameover) for playgameover
    tetris.o(i.main) refers to sound.o(i.playrowclear) for playrowclear
    tetris.o(i.main) refers to tetris.o(.constdata) for tetrisTitle
    tetris.o(i.main) refers to tetris.o(.bss) for tetrisBoard
    tetris.o(i.main) refers to tetris.o(.data) for BLOCK
    tetris.o(i.rotateBlock) refers to tetris.o(i.collisionCheckX) for collisionCheckX
    tetris.o(i.rotateBlock) refers to tetris.o(i.collisionCheckY) for collisionCheckY
    tetris.o(i.rotateBlock) refers to tetris.o(.data) for ypos
    tetris.o(i.rotateBlock) refers to tetris.o(.bss) for tetrisBoard
    tetris.o(.data) refers to tetris.o(.constdata) for Hello_English
    images.o(i.Images_Init) refers to rt_memcpy_w.o(.text) for __aeabi_memcpy4
    images.o(i.Images_Init) refers to images.o(.constdata) for .constdata
    __main.o(!!!main) refers to __rtentry.o(.ARM.Collect$$rtentry$$00000000) for __rt_entry
    __rtentry.o(.ARM.Collect$$rtentry$$00000000) refers (Special) to __rtentry2.o(.ARM.Collect$$rtentry$$0000000A) for __rt_entry_li
    __rtentry.o(.ARM.Collect$$rtentry$$00000000) refers (Special) to __rtentry2.o(.ARM.Collect$$rtentry$$0000000D) for __rt_entry_main
    __rtentry.o(.ARM.Collect$$rtentry$$00000000) refers (Special) to __rtentry2.o(.ARM.Collect$$rtentry$$0000000C) for __rt_entry_postli_1
    __rtentry.o(.ARM.Collect$$rtentry$$00000000) refers (Special) to __rtentry2.o(.ARM.Collect$$rtentry$$00000009) for __rt_entry_postsh_1
    __rtentry.o(.ARM.Collect$$rtentry$$00000000) refers (Special) to __rtentry2.o(.ARM.Collect$$rtentry$$00000002) for __rt_entry_presh_1
    __rtentry.o(.ARM.Collect$$rtentry$$00000000) refers (Special) to __rtentry4.o(.ARM.Collect$$rtentry$$00000004) for __rt_entry_sh
    __rtentry2.o(.ARM.Collect$$rtentry$$00000008) refers to boardinit2.o(.text) for _platform_post_stackheap_init
    __rtentry2.o(.ARM.Collect$$rtentry$$0000000A) refers to libinit.o(.ARM.Collect$$libinit$$00000000) for __rt_lib_init
    __rtentry2.o(.ARM.Collect$$rtentry$$0000000B) refers to boardinit3.o(.text) for _platform_post_lib_init
    __rtentry2.o(.ARM.Collect$$rtentry$$0000000D) refers to tetris.o(i.main) for main
    __rtentry2.o(.ARM.Collect$$rtentry$$0000000D) refers to exit.o(.text) for exit
    __rtentry2.o(.ARM.exidx) refers to __rtentry2.o(.ARM.Collect$$rtentry$$00000001) for .ARM.Collect$$rtentry$$00000001
    __rtentry2.o(.ARM.exidx) refers to __rtentry2.o(.ARM.Collect$$rtentry$$00000008) for .ARM.Collect$$rtentry$$00000008
    __rtentry2.o(.ARM.exidx) refers to __rtentry2.o(.ARM.Collect$$rtentry$$0000000A) for .ARM.Collect$$rtentry$$0000000A
    __rtentry2.o(.ARM.exidx) refers to __rtentry2.o(.ARM.Collect$$rtentry$$0000000B) for .ARM.Collect$$rtentry$$0000000B
    __rtentry2.o(.ARM.exidx) refers to __rtentry2.o(.ARM.Collect$$rtentry$$0000000D) for .ARM.Collect$$rtentry$$0000000D
    __rtentry4.o(.ARM.Collect$$rtentry$$00000004) refers to sys_stackheap_outer.o(.text) for __user_setup_stackheap
    __rtentry4.o(.ARM.exidx) refers to __rtentry4.o(.ARM.Collect$$rtentry$$00000004) for .ARM.Collect$$rtentry$$00000004
    sys_stackheap_outer.o(.text) refers to libspace.o(.text) for __user_perproc_libspace
    sys_stackheap_outer.o(.text) refers to startup.o(.text) for __user_initial_stackheap
    exit.o(.text) refers to rtexit.o(.ARM.Collect$$rtexit$$00000000) for __rt_exit
    libinit.o(.ARM.Collect$$libinit$$00000000) refers (Special) to libinit2.o(.ARM.Collect$$libinit$$0000002E) for __rt_lib_init_alloca_1
    libinit.o(.ARM.Collect$$libinit$$00000000) refers (Special) to libinit2.o(.ARM.Collect$$libinit$$0000002C) for __rt_lib_init_argv_1
    libinit.o(.ARM.Collect$$libinit$$00000000) refers (Special) to libinit2.o(.ARM.Collect$$libinit$$0000001B) for __rt_lib_init_atexit_1
    libinit.o(.ARM.Collect$$libinit$$00000000) refers (Special) to libinit2.o(.ARM.Collect$$libinit$$00000021) for __rt_lib_init_clock_1
    libinit.o(.ARM.Collect$$libinit$$00000000) refers (Special) to libinit2.o(.ARM.Collect$$libinit$$00000032) for __rt_lib_init_cpp_1
    libinit.o(.ARM.Collect$$libinit$$00000000) refers (Special) to libinit2.o(.ARM.Collect$$libinit$$00000030) for __rt_lib_init_exceptions_1
    libinit.o(.ARM.Collect$$libinit$$00000000) refers (Special) to libinit2.o(.ARM.Collect$$libinit$$00000002) for __rt_lib_init_fp_1
    libinit.o(.ARM.Collect$$libinit$$00000000) refers (Special) to libinit2.o(.ARM.Collect$$libinit$$0000001F) for __rt_lib_init_fp_trap_1
    libinit.o(.ARM.Collect$$libinit$$00000000) refers (Special) to libinit2.o(.ARM.Collect$$libinit$$00000023) for __rt_lib_init_getenv_1
    libinit.o(.ARM.Collect$$libinit$$00000000) refers (Special) to libinit2.o(.ARM.Collect$$libinit$$0000000A) for __rt_lib_init_heap_1
    libinit.o(.ARM.Collect$$libinit$$00000000) refers (Special) to libinit2.o(.ARM.Collect$$libinit$$00000011) for __rt_lib_init_lc_collate_1
    libinit.o(.ARM.Collect$$libinit$$00000000) refers (Special) to libinit2.o(.ARM.Collect$$libinit$$00000013) for __rt_lib_init_lc_ctype_1
    libinit.o(.ARM.Collect$$libinit$$00000000) refers (Special) to libinit2.o(.ARM.Collect$$libinit$$00000015) for __rt_lib_init_lc_monetary_1
    libinit.o(.ARM.Collect$$libinit$$00000000) refers (Special) to libinit2.o(.ARM.Collect$$libinit$$00000017) for __rt_lib_init_lc_numeric_1
    libinit.o(.ARM.Collect$$libinit$$00000000) refers (Special) to libinit2.o(.ARM.Collect$$libinit$$00000019) for __rt_lib_init_lc_time_1
    libinit.o(.ARM.Collect$$libinit$$00000000) refers (Special) to libinit2.o(.ARM.Collect$$libinit$$00000004) for __rt_lib_init_preinit_1
    libinit.o(.ARM.Collect$$libinit$$00000000) refers (Special) to libinit2.o(.ARM.Collect$$libinit$$0000000E) for __rt_lib_init_rand_1
    libinit.o(.ARM.Collect$$libinit$$00000000) refers (Special) to libinit2.o(.ARM.Collect$$libinit$$00000033) for __rt_lib_init_return
    libinit.o(.ARM.Collect$$libinit$$00000000) refers (Special) to libinit2.o(.ARM.Collect$$libinit$$0000001D) for __rt_lib_init_signal_1
    libinit.o(.ARM.Collect$$libinit$$00000000) refers (Special) to libinit2.o(.ARM.Collect$$libinit$$00000025) for __rt_lib_init_stdio_1
    libinit.o(.ARM.Collect$$libinit$$00000000) refers (Special) to libinit2.o(.ARM.Collect$$libinit$$0000000C) for __rt_lib_init_user_alloc_1
    libspace.o(.text) refers to libspace.o(.bss) for __libspace_start
    rtexit.o(.ARM.Collect$$rtexit$$00000000) refers (Special) to rtexit2.o(.ARM.Collect$$rtexit$$00000004) for __rt_exit_exit
    rtexit.o(.ARM.Collect$$rtexit$$00000000) refers (Special) to rtexit2.o(.ARM.Collect$$rtexit$$00000003) for __rt_exit_ls
    rtexit.o(.ARM.Collect$$rtexit$$00000000) refers (Special) to rtexit2.o(.ARM.Collect$$rtexit$$00000002) for __rt_exit_prels_1
    rtexit.o(.ARM.exidx) refers (Special) to rtexit2.o(.ARM.Collect$$rtexit$$00000004) for __rt_exit_exit
    rtexit.o(.ARM.exidx) refers (Special) to rtexit2.o(.ARM.Collect$$rtexit$$00000003) for __rt_exit_ls
    rtexit.o(.ARM.exidx) refers (Special) to rtexit2.o(.ARM.Collect$$rtexit$$00000002) for __rt_exit_prels_1
    rtexit.o(.ARM.exidx) refers to rtexit.o(.ARM.Collect$$rtexit$$00000000) for .ARM.Collect$$rtexit$$00000000
    libinit2.o(.ARM.Collect$$libinit$$00000010) refers to libinit2.o(.ARM.Collect$$libinit$$0000000F) for .ARM.Collect$$libinit$$0000000F
    libinit2.o(.ARM.Collect$$libinit$$00000012) refers to libinit2.o(.ARM.Collect$$libinit$$0000000F) for .ARM.Collect$$libinit$$0000000F
    libinit2.o(.ARM.Collect$$libinit$$00000014) refers to libinit2.o(.ARM.Collect$$libinit$$0000000F) for .ARM.Collect$$libinit$$0000000F
    libinit2.o(.ARM.Collect$$libinit$$00000016) refers to libinit2.o(.ARM.Collect$$libinit$$0000000F) for .ARM.Collect$$libinit$$0000000F
    libinit2.o(.ARM.Collect$$libinit$$00000018) refers to libinit2.o(.ARM.Collect$$libinit$$0000000F) for .ARM.Collect$$libinit$$0000000F
    libinit2.o(.ARM.Collect$$libinit$$00000026) refers to argv_veneer.o(.emb_text) for __ARM_argv_veneer
    libinit2.o(.ARM.Collect$$libinit$$00000027) refers to argv_veneer.o(.emb_text) for __ARM_argv_veneer
    rtexit2.o(.ARM.Collect$$rtexit$$00000003) refers to libshutdown.o(.ARM.Collect$$libshutdown$$00000000) for __rt_lib_shutdown
    rtexit2.o(.ARM.Collect$$rtexit$$00000004) refers to sys_exit.o(.text) for _sys_exit
    rtexit2.o(.ARM.exidx) refers to rtexit2.o(.ARM.Collect$$rtexit$$00000001) for .ARM.Collect$$rtexit$$00000001
    rtexit2.o(.ARM.exidx) refers to rtexit2.o(.ARM.Collect$$rtexit$$00000003) for .ARM.Collect$$rtexit$$00000003
    rtexit2.o(.ARM.exidx) refers to rtexit2.o(.ARM.Collect$$rtexit$$00000004) for .ARM.Collect$$rtexit$$00000004
    argv_veneer.o(.emb_text) refers to no_argv.o(.text) for __ARM_get_argv
    sys_exit.o(.text) refers (Special) to use_no_semi.o(.text) for __I$use$semihosting
    sys_exit.o(.text) refers (Special) to indicate_semi.o(.text) for __semihosting_library_function
    _get_argv_nomalloc.o(.text) refers (Special) to hrguard.o(.text) for __heap_region$guard
    _get_argv_nomalloc.o(.text) refers to defsig_rtmem_outer.o(.text) for __rt_SIGRTMEM
    _get_argv_nomalloc.o(.text) refers to sys_command.o(.text) for _sys_command_string
    libshutdown.o(.ARM.Collect$$libshutdown$$00000000) refers (Special) to libshutdown2.o(.ARM.Collect$$libshutdown$$00000004) for __rt_lib_shutdown_cpp_1
    libshutdown.o(.ARM.Collect$$libshutdown$$00000000) refers (Special) to libshutdown2.o(.ARM.Collect$$libshutdown$$00000002) for __rt_lib_shutdown_fini_1
    libshutdown.o(.ARM.Collect$$libshutdown$$00000000) refers (Special) to libshutdown2.o(.ARM.Collect$$libshutdown$$00000009) for __rt_lib_shutdown_fp_trap_1
    libshutdown.o(.ARM.Collect$$libshutdown$$00000000) refers (Special) to libshutdown2.o(.ARM.Collect$$libshutdown$$00000011) for __rt_lib_shutdown_heap_1
    libshutdown.o(.ARM.Collect$$libshutdown$$00000000) refers (Special) to libshutdown2.o(.ARM.Collect$$libshutdown$$00000012) for __rt_lib_shutdown_return
    libshutdown.o(.ARM.Collect$$libshutdown$$00000000) refers (Special) to libshutdown2.o(.ARM.Collect$$libshutdown$$0000000C) for __rt_lib_shutdown_signal_1
    libshutdown.o(.ARM.Collect$$libshutdown$$00000000) refers (Special) to libshutdown2.o(.ARM.Collect$$libshutdown$$00000006) for __rt_lib_shutdown_stdio_1
    libshutdown.o(.ARM.Collect$$libshutdown$$00000000) refers (Special) to libshutdown2.o(.ARM.Collect$$libshutdown$$0000000E) for __rt_lib_shutdown_user_alloc_1
    sys_command.o(.text) refers (Special) to use_no_semi.o(.text) for __I$use$semihosting
    sys_command.o(.text) refers (Special) to indicate_semi.o(.text) for __semihosting_library_function
    defsig_rtmem_outer.o(.text) refers to defsig_rtmem_inner.o(.text) for __rt_SIGRTMEM_inner
    defsig_rtmem_outer.o(.text) refers to defsig_exit.o(.text) for __sig_exit
    defsig_rtmem_formal.o(.text) refers to rt_raise.o(.text) for __rt_raise
    rt_raise.o(.text) refers to __raise.o(.text) for __raise
    rt_raise.o(.text) refers to sys_exit.o(.text) for _sys_exit
    defsig_exit.o(.text) refers to sys_exit.o(.text) for _sys_exit
    defsig_rtmem_inner.o(.text) refers to defsig_general.o(.text) for __default_signal_display
    __raise.o(.text) refers to defsig.o(CL$$defsig) for __default_signal_handler
    defsig_general.o(.text) refers to sys_wrch.o(.text) for _ttywrch
    sys_wrch.o(.text) refers (Special) to use_no_semi.o(.text) for __I$use$semihosting
    sys_wrch.o(.text) refers (Special) to indicate_semi.o(.text) for __semihosting_library_function
    defsig.o(CL$$defsig) refers to defsig_rtmem_inner.o(.text) for __rt_SIGRTMEM_inner
    defsig_abrt_inner.o(.text) refers to defsig_general.o(.text) for __default_signal_display
    defsig_fpe_inner.o(.text) refers to defsig_general.o(.text) for __default_signal_display
    defsig_rtred_inner.o(.text) refers to defsig_general.o(.text) for __default_signal_display
    defsig_stak_inner.o(.text) refers to defsig_general.o(.text) for __default_signal_display
    defsig_pvfn_inner.o(.text) refers to defsig_general.o(.text) for __default_signal_display
    defsig_cppl_inner.o(.text) refers to defsig_general.o(.text) for __default_signal_display
    defsig_segv_inner.o(.text) refers to defsig_general.o(.text) for __default_signal_display
    defsig_other.o(.text) refers to defsig_general.o(.text) for __default_signal_display


==============================================================================

Removing Unused input sections from the image.

    Removing adc.o(i.buttonIn), (48 bytes).
    Removing adc.o(i.leftButtonInit), (64 bytes).
    Removing adc.o(i.rightButtonInit), (32 bytes).
    Removing st7735.o(i.Output_Clear), (10 bytes).
    Removing st7735.o(i.Output_Color), (12 bytes).
    Removing st7735.o(i.Output_Init), (16 bytes).
    Removing st7735.o(i.Output_Off), (8 bytes).
    Removing st7735.o(i.Output_On), (8 bytes).
    Removing st7735.o(i.ST7735_Color565), (24 bytes).
    Removing st7735.o(i.ST7735_DrawChar), (272 bytes).
    Removing st7735.o(i.ST7735_DrawCircle), (172 bytes).
    Removing st7735.o(i.ST7735_DrawFastHLine), (124 bytes).
    Removing st7735.o(i.ST7735_DrawFastVLine), (124 bytes).
    Removing st7735.o(i.ST7735_DrawSmallCircle), (172 bytes).
    Removing st7735.o(i.ST7735_InitB), (40 bytes).
    Removing st7735.o(i.ST7735_InvertDisplay), (22 bytes).
    Removing st7735.o(i.ST7735_OutUDec), (140 bytes).
    Removing st7735.o(i.ST7735_PlotBar), (88 bytes).
    Removing st7735.o(i.ST7735_PlotClear), (92 bytes).
    Removing st7735.o(i.ST7735_PlotLine), (264 bytes).
    Removing st7735.o(i.ST7735_PlotNext), (32 bytes).
    Removing st7735.o(i.ST7735_PlotNextErase), (64 bytes).
    Removing st7735.o(i.ST7735_PlotPoint), (152 bytes).
    Removing st7735.o(i.ST7735_PlotPoints), (172 bytes).
    Removing st7735.o(i.ST7735_PlotdBfs), (60 bytes).
    Removing st7735.o(i.ST7735_SetRotation), (212 bytes).
    Removing st7735.o(i.ST7735_SwapColor), (18 bytes).
    Removing st7735.o(i.deselect), (28 bytes).
    Removing st7735.o(i.ferror), (8 bytes).
    Removing st7735.o(i.fgetc), (6 bytes).
    Removing st7735.o(i.fillmessage), (72 bytes).
    Removing st7735.o(i.fputc), (16 bytes).
    Removing st7735.o(.bss), (12 bytes).
    Removing texas.o(i.ADC1_Init), (200 bytes).
    Removing texas.o(i.LogicAnalyzerA), (24 bytes).
    Removing texas.o(i.LogicAnalyzerB), (24 bytes).
    Removing texas.o(i.LogicAnalyzerC), (24 bytes).
    Removing texas.o(i.LogicAnalyzerE), (24 bytes).
    Removing texas.o(i.LogicAnalyzerF), (24 bytes).
    Removing texas.o(i.PeriodicTask2_Init), (148 bytes).
    Removing texas.o(i.PeriodicTask2_Stop), (36 bytes).
    Removing texas.o(i.Scope), (20 bytes).
    Removing texas.o(i.TExaS_Init), (248 bytes).
    Removing texas.o(i.TExaS_Stop), (8 bytes).
    Removing texas.o(i.UART0_InChar), (28 bytes).
    Removing texas.o(i.UART0_Init), (136 bytes).
    Removing texas.o(i.UART0_OutChar), (24 bytes).
    Removing texas.o(i.UART0_OutString), (22 bytes).
    Removing pll.o(i.PLL_Init), (124 bytes).
    Removing tetris.o(i.PortE_Init), (56 bytes).
    Removing images.o(i.Images_Init), (28 bytes).
    Removing images.o(.constdata), (800 bytes).

52 unused section(s) (total 4582 bytes) removed from the image.

==============================================================================

Image Symbol Table

    Local Symbols

    Symbol Name                              Value     Ov Type        Size  Object(Section)

    RESET                                    0x00000000   Section      644  startup.o(RESET)
    ../clib/angel/boardlib.s                 0x00000000   Number         0  boardshut.o ABSOLUTE
    ../clib/angel/boardlib.s                 0x00000000   Number         0  boardinit3.o ABSOLUTE
    ../clib/angel/boardlib.s                 0x00000000   Number         0  boardinit2.o ABSOLUTE
    ../clib/angel/boardlib.s                 0x00000000   Number         0  boardinit1.o ABSOLUTE
    ../clib/angel/dclz77c.s                  0x00000000   Number         0  __dclz77c.o ABSOLUTE
    ../clib/angel/handlers.s                 0x00000000   Number         0  __scatter_zi.o ABSOLUTE
    ../clib/angel/kernel.s                   0x00000000   Number         0  __rtentry.o ABSOLUTE
    ../clib/angel/kernel.s                   0x00000000   Number         0  __rtentry4.o ABSOLUTE
    ../clib/angel/kernel.s                   0x00000000   Number         0  __rtentry2.o ABSOLUTE
    ../clib/angel/kernel.s                   0x00000000   Number         0  rtexit.o ABSOLUTE
    ../clib/angel/kernel.s                   0x00000000   Number         0  rtexit2.o ABSOLUTE
    ../clib/angel/rt.s                       0x00000000   Number         0  rt_raise.o ABSOLUTE
    ../clib/angel/scatter.s                  0x00000000   Number         0  __scatter.o ABSOLUTE
    ../clib/angel/startup.s                  0x00000000   Number         0  __main.o ABSOLUTE
    ../clib/angel/sys.s                      0x00000000   Number         0  sys_stackheap_outer.o ABSOLUTE
    ../clib/angel/sys.s                      0x00000000   Number         0  indicate_semi.o ABSOLUTE
    ../clib/angel/sys.s                      0x00000000   Number         0  use_no_semi.o ABSOLUTE
    ../clib/angel/sys.s                      0x00000000   Number         0  libspace.o ABSOLUTE
    ../clib/angel/sysapp.c                   0x00000000   Number         0  sys_command.o ABSOLUTE
    ../clib/angel/sysapp.c                   0x00000000   Number         0  sys_exit.o ABSOLUTE
    ../clib/angel/sysapp.c                   0x00000000   Number         0  sys_wrch.o ABSOLUTE
    ../clib/armsys.c                         0x00000000   Number         0  _get_argv_nomalloc.o ABSOLUTE
    ../clib/armsys.c                         0x00000000   Number         0  no_argv.o ABSOLUTE
    ../clib/armsys.c                         0x00000000   Number         0  argv_veneer.o ABSOLUTE
    ../clib/armsys.c                         0x00000000   Number         0  argv_veneer.o ABSOLUTE
    ../clib/heapalloc.c                      0x00000000   Number         0  hrguard.o ABSOLUTE
    ../clib/heapaux.c                        0x00000000   Number         0  heapauxi.o ABSOLUTE
    ../clib/libinit.s                        0x00000000   Number         0  libinit.o ABSOLUTE
    ../clib/libinit.s                        0x00000000   Number         0  libshutdown.o ABSOLUTE
    ../clib/libinit.s                        0x00000000   Number         0  libshutdown2.o ABSOLUTE
    ../clib/libinit.s                        0x00000000   Number         0  libinit2.o ABSOLUTE
    ../clib/memcpset.s                       0x00000000   Number         0  rt_memcpy_w.o ABSOLUTE
    ../clib/signal.c                         0x00000000   Number         0  defsig_other.o ABSOLUTE
    ../clib/signal.c                         0x00000000   Number         0  defsig_segv_inner.o ABSOLUTE
    ../clib/signal.c                         0x00000000   Number         0  defsig_rtmem_outer.o ABSOLUTE
    ../clib/signal.c                         0x00000000   Number         0  __raise.o ABSOLUTE
    ../clib/signal.c                         0x00000000   Number         0  defsig_rtmem_formal.o ABSOLUTE
    ../clib/signal.c                         0x00000000   Number         0  defsig_rtmem_inner.o ABSOLUTE
    ../clib/signal.c                         0x00000000   Number         0  defsig_cppl_inner.o ABSOLUTE
    ../clib/signal.c                         0x00000000   Number         0  defsig_general.o ABSOLUTE
    ../clib/signal.c                         0x00000000   Number         0  defsig_pvfn_inner.o ABSOLUTE
    ../clib/signal.c                         0x00000000   Number         0  defsig_stak_inner.o ABSOLUTE
    ../clib/signal.c                         0x00000000   Number         0  defsig_rtred_inner.o ABSOLUTE
    ../clib/signal.c                         0x00000000   Number         0  defsig_fpe_inner.o ABSOLUTE
    ../clib/signal.c                         0x00000000   Number         0  defsig_abrt_inner.o ABSOLUTE
    ../clib/signal.c                         0x00000000   Number         0  defsig_exit.o ABSOLUTE
    ../clib/signal.s                         0x00000000   Number         0  defsig.o ABSOLUTE
    ../clib/stdlib.c                         0x00000000   Number         0  exit.o ABSOLUTE
    ../fplib/fpinit.s                        0x00000000   Number         0  fpinit.o ABSOLUTE
    ADC.c                                    0x00000000   Number         0  adc.o ABSOLUTE
    DAC.c                                    0x00000000   Number         0  dac.o ABSOLUTE
    Images.c                                 0x00000000   Number         0  images.o ABSOLUTE
    LCD.s                                    0x00000000   Number         0  lcd.o ABSOLUTE
    PLL.c                                    0x00000000   Number         0  pll.o ABSOLUTE
    Print.s                                  0x00000000   Number         0  print.o ABSOLUTE
    ST7735.c                                 0x00000000   Number         0  st7735.o ABSOLUTE
    Sound.c                                  0x00000000   Number         0  sound.o ABSOLUTE
    TExaS.c                                  0x00000000   Number         0  texas.o ABSOLUTE
    Tetris.c                                 0x00000000   Number         0  tetris.o ABSOLUTE
    Timer0.c                                 0x00000000   Number         0  timer0.o ABSOLUTE
    Timer1.c                                 0x00000000   Number         0  timer1.o ABSOLUTE
    dc.s                                     0x00000000   Number         0  dc.o ABSOLUTE
    random.s                                 0x00000000   Number         0  random.o ABSOLUTE
    startup.s                                0x00000000   Number         0  startup.o ABSOLUTE
    !!!main                                  0x00000284   Section        8  __main.o(!!!main)
    !!!scatter                               0x0000028c   Section       52  __scatter.o(!!!scatter)
    !!dclz77c                                0x000002c0   Section      100  __dclz77c.o(!!dclz77c)
    !!handler_zi                             0x00000324   Section       28  __scatter_zi.o(!!handler_zi)
    .ARM.Collect$$libinit$$00000000          0x00000340   Section        2  libinit.o(.ARM.Collect$$libinit$$00000000)
    .ARM.Collect$$libinit$$00000002          0x00000342   Section        0  libinit2.o(.ARM.Collect$$libinit$$00000002)
    .ARM.Collect$$libinit$$00000004          0x00000342   Section        0  libinit2.o(.ARM.Collect$$libinit$$00000004)
    .ARM.Collect$$libinit$$0000000A          0x00000342   Section        0  libinit2.o(.ARM.Collect$$libinit$$0000000A)
    .ARM.Collect$$libinit$$0000000C          0x00000342   Section        0  libinit2.o(.ARM.Collect$$libinit$$0000000C)
    .ARM.Collect$$libinit$$0000000E          0x00000342   Section        0  libinit2.o(.ARM.Collect$$libinit$$0000000E)
    .ARM.Collect$$libinit$$00000011          0x00000342   Section        0  libinit2.o(.ARM.Collect$$libinit$$00000011)
    .ARM.Collect$$libinit$$00000013          0x00000342   Section        0  libinit2.o(.ARM.Collect$$libinit$$00000013)
    .ARM.Collect$$libinit$$00000015          0x00000342   Section        0  libinit2.o(.ARM.Collect$$libinit$$00000015)
    .ARM.Collect$$libinit$$00000017          0x00000342   Section        0  libinit2.o(.ARM.Collect$$libinit$$00000017)
    .ARM.Collect$$libinit$$00000019          0x00000342   Section        0  libinit2.o(.ARM.Collect$$libinit$$00000019)
    .ARM.Collect$$libinit$$0000001B          0x00000342   Section        0  libinit2.o(.ARM.Collect$$libinit$$0000001B)
    .ARM.Collect$$libinit$$0000001D          0x00000342   Section        0  libinit2.o(.ARM.Collect$$libinit$$0000001D)
    .ARM.Collect$$libinit$$0000001F          0x00000342   Section        0  libinit2.o(.ARM.Collect$$libinit$$0000001F)
    .ARM.Collect$$libinit$$00000021          0x00000342   Section        0  libinit2.o(.ARM.Collect$$libinit$$00000021)
    .ARM.Collect$$libinit$$00000023          0x00000342   Section        0  libinit2.o(.ARM.Collect$$libinit$$00000023)
    .ARM.Collect$$libinit$$00000025          0x00000342   Section        0  libinit2.o(.ARM.Collect$$libinit$$00000025)
    .ARM.Collect$$libinit$$0000002C          0x00000342   Section        0  libinit2.o(.ARM.Collect$$libinit$$0000002C)
    .ARM.Collect$$libinit$$0000002E          0x00000342   Section        0  libinit2.o(.ARM.Collect$$libinit$$0000002E)
    .ARM.Collect$$libinit$$00000030          0x00000342   Section        0  libinit2.o(.ARM.Collect$$libinit$$00000030)
    .ARM.Collect$$libinit$$00000032          0x00000342   Section        0  libinit2.o(.ARM.Collect$$libinit$$00000032)
    .ARM.Collect$$libinit$$00000033          0x00000342   Section        2  libinit2.o(.ARM.Collect$$libinit$$00000033)
    .ARM.Collect$$libshutdown$$00000000      0x00000344   Section        2  libshutdown.o(.ARM.Collect$$libshutdown$$00000000)
    .ARM.Collect$$libshutdown$$00000002      0x00000346   Section        0  libshutdown2.o(.ARM.Collect$$libshutdown$$00000002)
    .ARM.Collect$$libshutdown$$00000004      0x00000346   Section        0  libshutdown2.o(.ARM.Collect$$libshutdown$$00000004)
    .ARM.Collect$$libshutdown$$00000006      0x00000346   Section        0  libshutdown2.o(.ARM.Collect$$libshutdown$$00000006)
    .ARM.Collect$$libshutdown$$00000009      0x00000346   Section        0  libshutdown2.o(.ARM.Collect$$libshutdown$$00000009)
    .ARM.Collect$$libshutdown$$0000000C      0x00000346   Section        0  libshutdown2.o(.ARM.Collect$$libshutdown$$0000000C)
    .ARM.Collect$$libshutdown$$0000000E      0x00000346   Section        0  libshutdown2.o(.ARM.Collect$$libshutdown$$0000000E)
    .ARM.Collect$$libshutdown$$00000011      0x00000346   Section        0  libshutdown2.o(.ARM.Collect$$libshutdown$$00000011)
    .ARM.Collect$$libshutdown$$00000012      0x00000346   Section        2  libshutdown2.o(.ARM.Collect$$libshutdown$$00000012)
    .ARM.Collect$$rtentry$$00000000          0x00000348   Section        0  __rtentry.o(.ARM.Collect$$rtentry$$00000000)
    .ARM.Collect$$rtentry$$00000002          0x00000348   Section        0  __rtentry2.o(.ARM.Collect$$rtentry$$00000002)
    .ARM.Collect$$rtentry$$00000004          0x00000348   Section        6  __rtentry4.o(.ARM.Collect$$rtentry$$00000004)
    .ARM.Collect$$rtentry$$00000009          0x0000034e   Section        0  __rtentry2.o(.ARM.Collect$$rtentry$$00000009)
    .ARM.Collect$$rtentry$$0000000A          0x0000034e   Section        4  __rtentry2.o(.ARM.Collect$$rtentry$$0000000A)
    .ARM.Collect$$rtentry$$0000000C          0x00000352   Section        0  __rtentry2.o(.ARM.Collect$$rtentry$$0000000C)
    .ARM.Collect$$rtentry$$0000000D          0x00000352   Section        8  __rtentry2.o(.ARM.Collect$$rtentry$$0000000D)
    .ARM.Collect$$rtexit$$00000000           0x0000035a   Section        2  rtexit.o(.ARM.Collect$$rtexit$$00000000)
    .ARM.Collect$$rtexit$$00000002           0x0000035c   Section        0  rtexit2.o(.ARM.Collect$$rtexit$$00000002)
    .ARM.Collect$$rtexit$$00000003           0x0000035c   Section        4  rtexit2.o(.ARM.Collect$$rtexit$$00000003)
    .ARM.Collect$$rtexit$$00000004           0x00000360   Section        6  rtexit2.o(.ARM.Collect$$rtexit$$00000004)
    .text                                    0x00000368   Section       48  startup.o(.text)
    .text                                    0x00000398   Section       64  random.o(.text)
    .text                                    0x000003d8   Section       88  lcd.o(.text)
    .text                                    0x00000430   Section      224  print.o(.text)
    .text                                    0x00000510   Section        0  heapauxi.o(.text)
    .text                                    0x00000516   Section       74  sys_stackheap_outer.o(.text)
    .text                                    0x00000560   Section        0  exit.o(.text)
    .text                                    0x00000574   Section        8  libspace.o(.text)
    .text                                    0x0000057c   Section        0  sys_exit.o(.text)
    .text                                    0x00000588   Section        2  use_no_semi.o(.text)
    .text                                    0x0000058a   Section        0  indicate_semi.o(.text)
    i.ADC_In                                 0x0000058c   Section        0  adc.o(i.ADC_In)
    i.ADC_Init                               0x000005b8   Section        0  adc.o(i.ADC_Init)
    i.ADC_Position                           0x000006a4   Section        0  adc.o(i.ADC_Position)
    i.DAC_Init                               0x0000075c   Section        0  dac.o(i.DAC_Init)
    i.DAC_Out                                0x000007a4   Section        0  dac.o(i.DAC_Out)
    i.Delay1ms                               0x000007b0   Section        0  st7735.o(i.Delay1ms)
    i.EdgeCounter_Init                       0x000007d0   Section        0  tetris.o(i.EdgeCounter_Init)
    i.GPIOPortE_Handler                      0x0000096c   Section        0  tetris.o(i.GPIOPortE_Handler)
    i.GPIOPortF_Handler                      0x0000099c   Section        0  tetris.o(i.GPIOPortF_Handler)
    i.ST7735_DrawBitmap                      0x000009cc   Section        0  st7735.o(i.ST7735_DrawBitmap)
    i.ST7735_DrawCharS                       0x00000aec   Section        0  st7735.o(i.ST7735_DrawCharS)
    i.ST7735_DrawPixel                       0x00000be4   Section        0  st7735.o(i.ST7735_DrawPixel)
    i.ST7735_DrawString                      0x00000c2c   Section        0  st7735.o(i.ST7735_DrawString)
    i.ST7735_FillRect                        0x00000c80   Section        0  st7735.o(i.ST7735_FillRect)
    i.ST7735_FillScreen                      0x00000d2c   Section        0  st7735.o(i.ST7735_FillScreen)
    i.ST7735_InitR                           0x00000d50   Section        0  st7735.o(i.ST7735_InitR)
    i.ST7735_OutChar                         0x00000dcc   Section        0  st7735.o(i.ST7735_OutChar)
    i.ST7735_OutString                       0x00000ea0   Section        0  st7735.o(i.ST7735_OutString)
    i.ST7735_SetCursor                       0x00000eb8   Section        0  st7735.o(i.ST7735_SetCursor)
    i.ST7735_SetTextColor                    0x00000ed8   Section        0  st7735.o(i.ST7735_SetTextColor)
    i.Sound_Init                             0x00000ee4   Section        0  sound.o(i.Sound_Init)
    i.SysTick_Handler                        0x00000ef8   Section        0  tetris.o(i.SysTick_Handler)
    i.SysTick_Init                           0x00001294   Section        0  tetris.o(i.SysTick_Init)
    i.Timer0A_Handler                        0x000012c4   Section        0  timer0.o(i.Timer0A_Handler)
    i.Timer0A_Start                          0x000012d8   Section        0  timer0.o(i.Timer0A_Start)
    i.Timer0A_Stop                           0x000012ec   Section        0  timer0.o(i.Timer0A_Stop)
    i.Timer0_Init                            0x00001300   Section        0  timer0.o(i.Timer0_Init)
    i.Timer1A_Handler                        0x00001360   Section        0  tetris.o(i.Timer1A_Handler)
    i.Timer1B_Handler                        0x0000136c   Section        0  timer0.o(i.Timer1B_Handler)
    i.Timer1B_Start                          0x00001380   Section        0  timer0.o(i.Timer1B_Start)
    i.Timer1B_Stop                           0x00001394   Section        0  timer0.o(i.Timer1B_Stop)
    i.Timer1_Init                            0x000013a8   Section        0  timer0.o(i.Timer1_Init)
    i.Timer2A_Handler                        0x00001408   Section        0  timer0.o(i.Timer2A_Handler)
    i.Timer2A_Start                          0x00001428   Section        0  timer0.o(i.Timer2A_Start)
    i.Timer2A_Stop                           0x0000143c   Section        0  timer0.o(i.Timer2A_Stop)
    i.Timer2_Init                            0x00001450   Section        0  timer0.o(i.Timer2_Init)
    i.Timer5A_Handler                        0x000014b0   Section        0  texas.o(i.Timer5A_Handler)
    i.blockDrop                              0x000014c8   Section        0  tetris.o(i.blockDrop)
    i.checkClear                             0x00001600   Section        0  tetris.o(i.checkClear)
    i.checkGameOver                          0x000016a0   Section        0  tetris.o(i.checkGameOver)
    i.collisionCheckX                        0x000016c0   Section        0  tetris.o(i.collisionCheckX)
    i.collisionCheckY                        0x00001760   Section        0  tetris.o(i.collisionCheckY)
    i.commandList                            0x000017e0   Section        0  st7735.o(i.commandList)
    commandList                              0x000017e1   Thumb Code    86  st7735.o(i.commandList)
    i.commonInit                             0x00001838   Section        0  st7735.o(i.commonInit)
    commonInit                               0x00001839   Thumb Code   342  st7735.o(i.commonInit)
    i.drawBoard                              0x000019c0   Section        0  tetris.o(i.drawBoard)
    i.drawSquare                             0x00001a08   Section        0  tetris.o(i.drawSquare)
    i.languageSelection                      0x00001a7c   Section        0  tetris.o(i.languageSelection)
    i.main                                   0x00001b40   Section        0  tetris.o(i.main)
    i.playgameover                           0x00001e3c   Section        0  sound.o(i.playgameover)
    i.playrowclear                           0x00001e74   Section        0  sound.o(i.playrowclear)
    i.playtetris                             0x00001eb0   Section        0  sound.o(i.playtetris)
    i.pushColor                              0x00001eec   Section        0  st7735.o(i.pushColor)
    pushColor                                0x00001eed   Thumb Code    18  st7735.o(i.pushColor)
    i.rotateBlock                            0x00001f00   Section        0  tetris.o(i.rotateBlock)
    i.setAddrWindow                          0x000020ac   Section        0  st7735.o(i.setAddrWindow)
    setAddrWindow                            0x000020ad   Thumb Code   106  st7735.o(i.setAddrWindow)
    .constdata                               0x00002120   Section     2114  st7735.o(.constdata)
    Font                                     0x00002120   Data        1275  st7735.o(.constdata)
    Bcmd                                     0x0000261b   Data         103  st7735.o(.constdata)
    Rcmd1                                    0x00002682   Data          59  st7735.o(.constdata)
    Rcmd2green                               0x000026bd   Data          13  st7735.o(.constdata)
    Rcmd2red                                 0x000026ca   Data          13  st7735.o(.constdata)
    Rcmd3                                    0x000026d7   Data          43  st7735.o(.constdata)
    .constdata                               0x00002962   Section    16887  tetris.o(.constdata)
    .data                                    0x20000000   Section       16  timer0.o(.data)
    .data                                    0x20000010   Section    12964  sound.o(.data)
    .data                                    0x200032b4   Section       44  st7735.o(.data)
    ColStart                                 0x200032be   Data           1  st7735.o(.data)
    RowStart                                 0x200032bf   Data           1  st7735.o(.data)
    Rotation                                 0x200032c0   Data           1  st7735.o(.data)
    TabColor                                 0x200032c1   Data           1  st7735.o(.data)
    _width                                   0x200032c2   Data           2  st7735.o(.data)
    _height                                  0x200032c4   Data           2  st7735.o(.data)
    .data                                    0x200032e0   Section        4  texas.o(.data)
    .data                                    0x200032e4   Section     1137  tetris.o(.data)
    allBlocks                                0x20003318   Data        1056  tetris.o(.data)
    DATA                                     0x20003758   Section        4  random.o(DATA)
    M                                        0x20003758   Data           4  random.o(DATA)
    .bss                                     0x2000375c   Section      260  tetris.o(.bss)
    .bss                                     0x20003860   Section       96  libspace.o(.bss)
    HEAP                                     0x200038c0   Section        0  startup.o(HEAP)
    STACK                                    0x200038c0   Section     1024  startup.o(STACK)
    HeapMem                                  0x200038c0   Data           0  startup.o(HEAP)
    StackMem                                 0x200038c0   Data           0  startup.o(STACK)

    Global Symbols

    Symbol Name                              Value     Ov Type        Size  Object(Section)

    BuildAttributes$$THM_ISAv4$E$P$D$K$B$S$7EM$PE$A:L22UL41UL21$X:L11$S22US41US21$IEEE1$IW$USESV6$~STKCKD$USESV7$~SHL$OSPACE$ROPI$EBA8$UX$STANDARDLIB$REQ8$PRES8$EABIv2 0x00000000   Number         0  anon$$obj.o ABSOLUTE
    __ARM_use_no_argv                        0x00000000   Number         0  tetris.o ABSOLUTE
    __Vectors                                0x00000000   Data           0  startup.o(RESET)
    __ARM_exceptions_init                     - Undefined Weak Reference
    __alloca_initialize                       - Undefined Weak Reference
    __arm_fini_                               - Undefined Weak Reference
    __arm_preinit_                            - Undefined Weak Reference
    __cpp_initialize__aeabi_                  - Undefined Weak Reference
    __cxa_finalize                            - Undefined Weak Reference
    __rt_locale                               - Undefined Weak Reference
    __sigvec_lookup                           - Undefined Weak Reference
    _atexit_init                              - Undefined Weak Reference
    _call_atexit_fns                          - Undefined Weak Reference
    _clock_init                               - Undefined Weak Reference
    _fp_trap_init                             - Undefined Weak Reference
    _fp_trap_shutdown                         - Undefined Weak Reference
    _get_lc_collate                           - Undefined Weak Reference
    _get_lc_ctype                             - Undefined Weak Reference
    _get_lc_monetary                          - Undefined Weak Reference
    _get_lc_numeric                           - Undefined Weak Reference
    _get_lc_time                              - Undefined Weak Reference
    _getenv_init                              - Undefined Weak Reference
    _handle_redirection                       - Undefined Weak Reference
    _init_alloc                               - Undefined Weak Reference
    _init_user_alloc                          - Undefined Weak Reference
    _initio                                   - Undefined Weak Reference
    _rand_init                                - Undefined Weak Reference
    _signal_finish                            - Undefined Weak Reference
    _signal_init                              - Undefined Weak Reference
    _terminate_alloc                          - Undefined Weak Reference
    _terminate_user_alloc                     - Undefined Weak Reference
    _terminateio                              - Undefined Weak Reference
    Reset_Handler                            0x0000026d   Thumb Code     0  startup.o(RESET)
    NMI_Handler                              0x00000271   Thumb Code     2  startup.o(RESET)
    HardFault_Handler                        0x00000273   Thumb Code     2  startup.o(RESET)
    MemManage_Handler                        0x00000275   Thumb Code     2  startup.o(RESET)
    BusFault_Handler                         0x00000277   Thumb Code     2  startup.o(RESET)
    UsageFault_Handler                       0x00000279   Thumb Code     2  startup.o(RESET)
    SVC_Handler                              0x0000027b   Thumb Code     2  startup.o(RESET)
    DebugMon_Handler                         0x0000027d   Thumb Code     2  startup.o(RESET)
    PendSV_Handler                           0x0000027f   Thumb Code     2  startup.o(RESET)
    ADC0Seq0_Handler                         0x00000283   Thumb Code     0  startup.o(RESET)
    ADC0Seq1_Handler                         0x00000283   Thumb Code     0  startup.o(RESET)
    ADC0Seq2_Handler                         0x00000283   Thumb Code     0  startup.o(RESET)
    ADC0Seq3_Handler                         0x00000283   Thumb Code     0  startup.o(RESET)
    ADC1Seq0_Handler                         0x00000283   Thumb Code     0  startup.o(RESET)
    ADC1Seq1_Handler                         0x00000283   Thumb Code     0  startup.o(RESET)
    ADC1Seq2_Handler                         0x00000283   Thumb Code     0  startup.o(RESET)
    ADC1Seq3_Handler                         0x00000283   Thumb Code     0  startup.o(RESET)
    CAN0_Handler                             0x00000283   Thumb Code     0  startup.o(RESET)
    CAN1_Handler                             0x00000283   Thumb Code     0  startup.o(RESET)
    CAN2_Handler                             0x00000283   Thumb Code     0  startup.o(RESET)
    Comp0_Handler                            0x00000283   Thumb Code     0  startup.o(RESET)
    Comp1_Handler                            0x00000283   Thumb Code     0  startup.o(RESET)
    Comp2_Handler                            0x00000283   Thumb Code     0  startup.o(RESET)
    Ethernet_Handler                         0x00000283   Thumb Code     0  startup.o(RESET)
    ExtBus_Handler                           0x00000283   Thumb Code     0  startup.o(RESET)
    FPU_Handler                              0x00000283   Thumb Code     0  startup.o(RESET)
    Fan0_Handler                             0x00000283   Thumb Code     0  startup.o(RESET)
    FlashCtl_Handler                         0x00000283   Thumb Code     0  startup.o(RESET)
    GPIOPortA_Handler                        0x00000283   Thumb Code     0  startup.o(RESET)
    GPIOPortB_Handler                        0x00000283   Thumb Code     0  startup.o(RESET)
    GPIOPortC_Handler                        0x00000283   Thumb Code     0  startup.o(RESET)
    GPIOPortD_Handler                        0x00000283   Thumb Code     0  startup.o(RESET)
    GPIOPortG_Handler                        0x00000283   Thumb Code     0  startup.o(RESET)
    GPIOPortH_Handler                        0x00000283   Thumb Code     0  startup.o(RESET)
    GPIOPortJ_Handler                        0x00000283   Thumb Code     0  startup.o(RESET)
    GPIOPortK_Handler                        0x00000283   Thumb Code     0  startup.o(RESET)
    GPIOPortL_Handler                        0x00000283   Thumb Code     0  startup.o(RESET)
    GPIOPortM_Handler                        0x00000283   Thumb Code     0  startup.o(RESET)
    GPIOPortN_Handler                        0x00000283   Thumb Code     0  startup.o(RESET)
    GPIOPortP1_Handler                       0x00000283   Thumb Code     0  startup.o(RESET)
    GPIOPortP2_Handler                       0x00000283   Thumb Code     0  startup.o(RESET)
    GPIOPortP3_Handler                       0x00000283   Thumb Code     0  startup.o(RESET)
    GPIOPortP4_Handler                       0x00000283   Thumb Code     0  startup.o(RESET)
    GPIOPortP5_Handler                       0x00000283   Thumb Code     0  startup.o(RESET)
    GPIOPortP6_Handler                       0x00000283   Thumb Code     0  startup.o(RESET)
    GPIOPortP7_Handler                       0x00000283   Thumb Code     0  startup.o(RESET)
    GPIOPortP_Handler                        0x00000283   Thumb Code     0  startup.o(RESET)
    GPIOPortQ1_Handler                       0x00000283   Thumb Code     0  startup.o(RESET)
    GPIOPortQ2_Handler                       0x00000283   Thumb Code     0  startup.o(RESET)
    GPIOPortQ3_Handler                       0x00000283   Thumb Code     0  startup.o(RESET)
    GPIOPortQ4_Handler                       0x00000283   Thumb Code     0  startup.o(RESET)
    GPIOPortQ5_Handler                       0x00000283   Thumb Code     0  startup.o(RESET)
    GPIOPortQ6_Handler                       0x00000283   Thumb Code     0  startup.o(RESET)
    GPIOPortQ7_Handler                       0x00000283   Thumb Code     0  startup.o(RESET)
    GPIOPortQ_Handler                        0x00000283   Thumb Code     0  startup.o(RESET)
    GPIOPortR_Handler                        0x00000283   Thumb Code     0  startup.o(RESET)
    GPIOPortS_Handler                        0x00000283   Thumb Code     0  startup.o(RESET)
    Hibernate_Handler                        0x00000283   Thumb Code     0  startup.o(RESET)
    I2C0_Handler                             0x00000283   Thumb Code     0  startup.o(RESET)
    I2C1_Handler                             0x00000283   Thumb Code     0  startup.o(RESET)
    I2C2_Handler                             0x00000283   Thumb Code     0  startup.o(RESET)
    I2C3_Handler                             0x00000283   Thumb Code     0  startup.o(RESET)
    I2C4_Handler                             0x00000283   Thumb Code     0  startup.o(RESET)
    I2C5_Handler                             0x00000283   Thumb Code     0  startup.o(RESET)
    I2S0_Handler                             0x00000283   Thumb Code     0  startup.o(RESET)
    LPC0_Handler                             0x00000283   Thumb Code     0  startup.o(RESET)
    PECI0_Handler                            0x00000283   Thumb Code     0  startup.o(RESET)
    PWM0Fault_Handler                        0x00000283   Thumb Code     0  startup.o(RESET)
    PWM0Generator0_Handler                   0x00000283   Thumb Code     0  startup.o(RESET)
    PWM0Generator1_Handler                   0x00000283   Thumb Code     0  startup.o(RESET)
    PWM0Generator2_Handler                   0x00000283   Thumb Code     0  startup.o(RESET)
    PWM0Generator3_Handler                   0x00000283   Thumb Code     0  startup.o(RESET)
    PWM1Fault_Handler                        0x00000283   Thumb Code     0  startup.o(RESET)
    PWM1Generator0_Handler                   0x00000283   Thumb Code     0  startup.o(RESET)
    PWM1Generator1_Handler                   0x00000283   Thumb Code     0  startup.o(RESET)
    PWM1Generator2_Handler                   0x00000283   Thumb Code     0  startup.o(RESET)
    PWM1Generator3_Handler                   0x00000283   Thumb Code     0  startup.o(RESET)
    Quadrature0_Handler                      0x00000283   Thumb Code     0  startup.o(RESET)
    Quadrature1_Handler                      0x00000283   Thumb Code     0  startup.o(RESET)
    Quadrature2_Handler                      0x00000283   Thumb Code     0  startup.o(RESET)
    SSI0_Handler                             0x00000283   Thumb Code     0  startup.o(RESET)
    SSI1_Handler                             0x00000283   Thumb Code     0  startup.o(RESET)
    SSI2_Handler                             0x00000283   Thumb Code     0  startup.o(RESET)
    SSI3_Handler                             0x00000283   Thumb Code     0  startup.o(RESET)
    SysCtl_Handler                           0x00000283   Thumb Code     0  startup.o(RESET)
    Timer0B_Handler                          0x00000283   Thumb Code     0  startup.o(RESET)
    Timer2B_Handler                          0x00000283   Thumb Code     0  startup.o(RESET)
    Timer3A_Handler                          0x00000283   Thumb Code     0  startup.o(RESET)
    Timer3B_Handler                          0x00000283   Thumb Code     0  startup.o(RESET)
    Timer4A_Handler                          0x00000283   Thumb Code     0  startup.o(RESET)
    Timer4B_Handler                          0x00000283   Thumb Code     0  startup.o(RESET)
    Timer5B_Handler                          0x00000283   Thumb Code     0  startup.o(RESET)
    UART0_Handler                            0x00000283   Thumb Code     0  startup.o(RESET)
    UART1_Handler                            0x00000283   Thumb Code     0  startup.o(RESET)
    UART2_Handler                            0x00000283   Thumb Code     0  startup.o(RESET)
    UART3_Handler                            0x00000283   Thumb Code     0  startup.o(RESET)
    UART4_Handler                            0x00000283   Thumb Code     0  startup.o(RESET)
    UART5_Handler                            0x00000283   Thumb Code     0  startup.o(RESET)
    UART6_Handler                            0x00000283   Thumb Code     0  startup.o(RESET)
    UART7_Handler                            0x00000283   Thumb Code     0  startup.o(RESET)
    USB0_Handler                             0x00000283   Thumb Code     0  startup.o(RESET)
    WDT_Handler                              0x00000283   Thumb Code     0  startup.o(RESET)
    WideTimer0A_Handler                      0x00000283   Thumb Code     0  startup.o(RESET)
    WideTimer0B_Handler                      0x00000283   Thumb Code     0  startup.o(RESET)
    WideTimer1A_Handler                      0x00000283   Thumb Code     0  startup.o(RESET)
    WideTimer1B_Handler                      0x00000283   Thumb Code     0  startup.o(RESET)
    WideTimer2A_Handler                      0x00000283   Thumb Code     0  startup.o(RESET)
    WideTimer2B_Handler                      0x00000283   Thumb Code     0  startup.o(RESET)
    WideTimer3A_Handler                      0x00000283   Thumb Code     0  startup.o(RESET)
    WideTimer3B_Handler                      0x00000283   Thumb Code     0  startup.o(RESET)
    WideTimer4A_Handler                      0x00000283   Thumb Code     0  startup.o(RESET)
    WideTimer4B_Handler                      0x00000283   Thumb Code     0  startup.o(RESET)
    WideTimer5A_Handler                      0x00000283   Thumb Code     0  startup.o(RESET)
    WideTimer5B_Handler                      0x00000283   Thumb Code     0  startup.o(RESET)
    uDMA_Error                               0x00000283   Thumb Code     0  startup.o(RESET)
    uDMA_Handler                             0x00000283   Thumb Code     0  startup.o(RESET)
    __main                                   0x00000285   Thumb Code     8  __main.o(!!!main)
    __scatterload                            0x0000028d   Thumb Code     0  __scatter.o(!!!scatter)
    __scatterload_rt2                        0x0000028d   Thumb Code    44  __scatter.o(!!!scatter)
    __scatterload_rt2_thumb_only             0x0000028d   Thumb Code     0  __scatter.o(!!!scatter)
    __scatterload_null                       0x0000029b   Thumb Code     0  __scatter.o(!!!scatter)
    __decompress                             0x000002c1   Thumb Code   100  __dclz77c.o(!!dclz77c)
    __decompress2                            0x000002c1   Thumb Code     0  __dclz77c.o(!!dclz77c)
    __scatterload_zeroinit                   0x00000325   Thumb Code    28  __scatter_zi.o(!!handler_zi)
    __rt_lib_init                            0x00000341   Thumb Code     0  libinit.o(.ARM.Collect$$libinit$$00000000)
    __rt_lib_init_alloca_1                   0x00000343   Thumb Code     0  libinit2.o(.ARM.Collect$$libinit$$0000002E)
    __rt_lib_init_argv_1                     0x00000343   Thumb Code     0  libinit2.o(.ARM.Collect$$libinit$$0000002C)
    __rt_lib_init_atexit_1                   0x00000343   Thumb Code     0  libinit2.o(.ARM.Collect$$libinit$$0000001B)
    __rt_lib_init_clock_1                    0x00000343   Thumb Code     0  libinit2.o(.ARM.Collect$$libinit$$00000021)
    __rt_lib_init_cpp_1                      0x00000343   Thumb Code     0  libinit2.o(.ARM.Collect$$libinit$$00000032)
    __rt_lib_init_exceptions_1               0x00000343   Thumb Code     0  libinit2.o(.ARM.Collect$$libinit$$00000030)
    __rt_lib_init_fp_1                       0x00000343   Thumb Code     0  libinit2.o(.ARM.Collect$$libinit$$00000002)
    __rt_lib_init_fp_trap_1                  0x00000343   Thumb Code     0  libinit2.o(.ARM.Collect$$libinit$$0000001F)
    __rt_lib_init_getenv_1                   0x00000343   Thumb Code     0  libinit2.o(.ARM.Collect$$libinit$$00000023)
    __rt_lib_init_heap_1                     0x00000343   Thumb Code     0  libinit2.o(.ARM.Collect$$libinit$$0000000A)
    __rt_lib_init_lc_collate_1               0x00000343   Thumb Code     0  libinit2.o(.ARM.Collect$$libinit$$00000011)
    __rt_lib_init_lc_ctype_1                 0x00000343   Thumb Code     0  libinit2.o(.ARM.Collect$$libinit$$00000013)
    __rt_lib_init_lc_monetary_1              0x00000343   Thumb Code     0  libinit2.o(.ARM.Collect$$libinit$$00000015)
    __rt_lib_init_lc_numeric_1               0x00000343   Thumb Code     0  libinit2.o(.ARM.Collect$$libinit$$00000017)
    __rt_lib_init_lc_time_1                  0x00000343   Thumb Code     0  libinit2.o(.ARM.Collect$$libinit$$00000019)
    __rt_lib_init_preinit_1                  0x00000343   Thumb Code     0  libinit2.o(.ARM.Collect$$libinit$$00000004)
    __rt_lib_init_rand_1                     0x00000343   Thumb Code     0  libinit2.o(.ARM.Collect$$libinit$$0000000E)
    __rt_lib_init_return                     0x00000343   Thumb Code     0  libinit2.o(.ARM.Collect$$libinit$$00000033)
    __rt_lib_init_signal_1                   0x00000343   Thumb Code     0  libinit2.o(.ARM.Collect$$libinit$$0000001D)
    __rt_lib_init_stdio_1                    0x00000343   Thumb Code     0  libinit2.o(.ARM.Collect$$libinit$$00000025)
    __rt_lib_init_user_alloc_1               0x00000343   Thumb Code     0  libinit2.o(.ARM.Collect$$libinit$$0000000C)
    __rt_lib_shutdown                        0x00000345   Thumb Code     0  libshutdown.o(.ARM.Collect$$libshutdown$$00000000)
    __rt_lib_shutdown_cpp_1                  0x00000347   Thumb Code     0  libshutdown2.o(.ARM.Collect$$libshutdown$$00000004)
    __rt_lib_shutdown_fini_1                 0x00000347   Thumb Code     0  libshutdown2.o(.ARM.Collect$$libshutdown$$00000002)
    __rt_lib_shutdown_fp_trap_1              0x00000347   Thumb Code     0  libshutdown2.o(.ARM.Collect$$libshutdown$$00000009)
    __rt_lib_shutdown_heap_1                 0x00000347   Thumb Code     0  libshutdown2.o(.ARM.Collect$$libshutdown$$00000011)
    __rt_lib_shutdown_return                 0x00000347   Thumb Code     0  libshutdown2.o(.ARM.Collect$$libshutdown$$00000012)
    __rt_lib_shutdown_signal_1               0x00000347   Thumb Code     0  libshutdown2.o(.ARM.Collect$$libshutdown$$0000000C)
    __rt_lib_shutdown_stdio_1                0x00000347   Thumb Code     0  libshutdown2.o(.ARM.Collect$$libshutdown$$00000006)
    __rt_lib_shutdown_user_alloc_1           0x00000347   Thumb Code     0  libshutdown2.o(.ARM.Collect$$libshutdown$$0000000E)
    __rt_entry                               0x00000349   Thumb Code     0  __rtentry.o(.ARM.Collect$$rtentry$$00000000)
    __rt_entry_presh_1                       0x00000349   Thumb Code     0  __rtentry2.o(.ARM.Collect$$rtentry$$00000002)
    __rt_entry_sh                            0x00000349   Thumb Code     0  __rtentry4.o(.ARM.Collect$$rtentry$$00000004)
    __rt_entry_li                            0x0000034f   Thumb Code     0  __rtentry2.o(.ARM.Collect$$rtentry$$0000000A)
    __rt_entry_postsh_1                      0x0000034f   Thumb Code     0  __rtentry2.o(.ARM.Collect$$rtentry$$00000009)
    __rt_entry_main                          0x00000353   Thumb Code     0  __rtentry2.o(.ARM.Collect$$rtentry$$0000000D)
    __rt_entry_postli_1                      0x00000353   Thumb Code     0  __rtentry2.o(.ARM.Collect$$rtentry$$0000000C)
    __rt_exit                                0x0000035b   Thumb Code     0  rtexit.o(.ARM.Collect$$rtexit$$00000000)
    __rt_exit_ls                             0x0000035d   Thumb Code     0  rtexit2.o(.ARM.Collect$$rtexit$$00000003)
    __rt_exit_prels_1                        0x0000035d   Thumb Code     0  rtexit2.o(.ARM.Collect$$rtexit$$00000002)
    __rt_exit_exit                           0x00000361   Thumb Code     0  rtexit2.o(.ARM.Collect$$rtexit$$00000004)
    DisableInterrupts                        0x00000369   Thumb Code     0  startup.o(.text)
    EnableInterrupts                         0x0000036d   Thumb Code     0  startup.o(.text)
    StartCritical                            0x00000371   Thumb Code     0  startup.o(.text)
    EndCritical                              0x00000379   Thumb Code     0  startup.o(.text)
    WaitForInterrupt                         0x0000037f   Thumb Code     0  startup.o(.text)
    __user_initial_stackheap                 0x00000383   Thumb Code     0  startup.o(.text)
    Random_Init                              0x00000399   Thumb Code     0  random.o(.text)
    Random32                                 0x000003a3   Thumb Code     2  random.o(.text)
    Random                                   0x000003b5   Thumb Code     2  random.o(.text)
    writecommand                             0x000003d9   Thumb Code     0  lcd.o(.text)
    writedata                                0x00000405   Thumb Code     0  lcd.o(.text)
    LCD_OutDec                               0x00000431   Thumb Code     0  print.o(.text)
    LCD_OutFix                               0x0000047b   Thumb Code     0  print.o(.text)
    __use_two_region_memory                  0x00000511   Thumb Code     2  heapauxi.o(.text)
    __rt_heap_escrow$2region                 0x00000513   Thumb Code     2  heapauxi.o(.text)
    __rt_heap_expand$2region                 0x00000515   Thumb Code     2  heapauxi.o(.text)
    __user_setup_stackheap                   0x00000517   Thumb Code    74  sys_stackheap_outer.o(.text)
    exit                                     0x00000561   Thumb Code    18  exit.o(.text)
    __user_libspace                          0x00000575   Thumb Code     8  libspace.o(.text)
    __user_perproc_libspace                  0x00000575   Thumb Code     0  libspace.o(.text)
    __user_perthread_libspace                0x00000575   Thumb Code     0  libspace.o(.text)
    _sys_exit                                0x0000057d   Thumb Code     8  sys_exit.o(.text)
    __I$use$semihosting                      0x00000589   Thumb Code     0  use_no_semi.o(.text)
    __use_no_semihosting_swi                 0x00000589   Thumb Code     2  use_no_semi.o(.text)
    __semihosting_library_function           0x0000058b   Thumb Code     0  indicate_semi.o(.text)
    ADC_In                                   0x0000058d   Thumb Code    40  adc.o(i.ADC_In)
    ADC_Init                                 0x000005b9   Thumb Code   210  adc.o(i.ADC_Init)
    ADC_Position                             0x000006a5   Thumb Code   184  adc.o(i.ADC_Position)
    DAC_Init                                 0x0000075d   Thumb Code    60  dac.o(i.DAC_Init)
    DAC_Out                                  0x000007a5   Thumb Code     6  dac.o(i.DAC_Out)
    Delay1ms                                 0x000007b1   Thumb Code    32  st7735.o(i.Delay1ms)
    EdgeCounter_Init                         0x000007d1   Thumb Code   380  tetris.o(i.EdgeCounter_Init)
    GPIOPortE_Handler                        0x0000096d   Thumb Code    34  tetris.o(i.GPIOPortE_Handler)
    GPIOPortF_Handler                        0x0000099d   Thumb Code    34  tetris.o(i.GPIOPortF_Handler)
    ST7735_DrawBitmap                        0x000009cd   Thumb Code   280  st7735.o(i.ST7735_DrawBitmap)
    ST7735_DrawCharS                         0x00000aed   Thumb Code   236  st7735.o(i.ST7735_DrawCharS)
    ST7735_DrawPixel                         0x00000be5   Thumb Code    64  st7735.o(i.ST7735_DrawPixel)
    ST7735_DrawString                        0x00000c2d   Thumb Code    84  st7735.o(i.ST7735_DrawString)
    ST7735_FillRect                          0x00000c81   Thumb Code   164  st7735.o(i.ST7735_FillRect)
    ST7735_FillScreen                        0x00000d2d   Thumb Code    28  st7735.o(i.ST7735_FillScreen)
    ST7735_InitR                             0x00000d51   Thumb Code    90  st7735.o(i.ST7735_InitR)
    ST7735_OutChar                           0x00000dcd   Thumb Code   176  st7735.o(i.ST7735_OutChar)
    ST7735_OutString                         0x00000ea1   Thumb Code    22  st7735.o(i.ST7735_OutString)
    ST7735_SetCursor                         0x00000eb9   Thumb Code    22  st7735.o(i.ST7735_SetCursor)
    ST7735_SetTextColor                      0x00000ed9   Thumb Code     6  st7735.o(i.ST7735_SetTextColor)
    Sound_Init                               0x00000ee5   Thumb Code    18  sound.o(i.Sound_Init)
    SysTick_Handler                          0x00000ef9   Thumb Code   886  tetris.o(i.SysTick_Handler)
    SysTick_Init                             0x00001295   Thumb Code    42  tetris.o(i.SysTick_Init)
    Timer0A_Handler                          0x000012c5   Thumb Code    14  timer0.o(i.Timer0A_Handler)
    Timer0A_Start                            0x000012d9   Thumb Code    14  timer0.o(i.Timer0A_Start)
    Timer0A_Stop                             0x000012ed   Thumb Code    14  timer0.o(i.Timer0A_Stop)
    Timer0_Init                              0x00001301   Thumb Code    74  timer0.o(i.Timer0_Init)
    Timer1A_Handler                          0x00001361   Thumb Code     8  tetris.o(i.Timer1A_Handler)
    Timer1B_Handler                          0x0000136d   Thumb Code    14  timer0.o(i.Timer1B_Handler)
    Timer1B_Start                            0x00001381   Thumb Code    14  timer0.o(i.Timer1B_Start)
    Timer1B_Stop                             0x00001395   Thumb Code    14  timer0.o(i.Timer1B_Stop)
    Timer1_Init                              0x000013a9   Thumb Code    74  timer0.o(i.Timer1_Init)
    Timer2A_Handler                          0x00001409   Thumb Code    24  timer0.o(i.Timer2A_Handler)
    Timer2A_Start                            0x00001429   Thumb Code    14  timer0.o(i.Timer2A_Start)
    Timer2A_Stop                             0x0000143d   Thumb Code    14  timer0.o(i.Timer2A_Stop)
    Timer2_Init                              0x00001451   Thumb Code    74  timer0.o(i.Timer2_Init)
    Timer5A_Handler                          0x000014b1   Thumb Code    16  texas.o(i.Timer5A_Handler)
    blockDrop                                0x000014c9   Thumb Code   284  tetris.o(i.blockDrop)
    checkClear                               0x00001601   Thumb Code   154  tetris.o(i.checkClear)
    checkGameOver                            0x000016a1   Thumb Code    28  tetris.o(i.checkGameOver)
    collisionCheckX                          0x000016c1   Thumb Code   140  tetris.o(i.collisionCheckX)
    collisionCheckY                          0x00001761   Thumb Code   104  tetris.o(i.collisionCheckY)
    drawBoard                                0x000019c1   Thumb Code    68  tetris.o(i.drawBoard)
    drawSquare                               0x00001a09   Thumb Code   116  tetris.o(i.drawSquare)
    languageSelection                        0x00001a7d   Thumb Code   124  tetris.o(i.languageSelection)
    main                                     0x00001b41   Thumb Code   560  tetris.o(i.main)
    playgameover                             0x00001e3d   Thumb Code    48  sound.o(i.playgameover)
    playrowclear                             0x00001e75   Thumb Code    50  sound.o(i.playrowclear)
    playtetris                               0x00001eb1   Thumb Code    50  sound.o(i.playtetris)
    rotateBlock                              0x00001f01   Thumb Code   400  tetris.o(i.rotateBlock)
    smallCircle                              0x00002702   Data          36  st7735.o(.constdata)
    circle                                   0x00002726   Data          60  st7735.o(.constdata)
    dBfs                                     0x00002762   Data         512  st7735.o(.constdata)
    tetrisTitle                              0x00002962   Data       16800  tetris.o(.constdata)
    Hello_English                            0x00006b02   Data           6  tetris.o(.constdata)
    Hello_Spanish                            0x00006b08   Data           7  tetris.o(.constdata)
    Hello_Portuguese                         0x00006b0f   Data           4  tetris.o(.constdata)
    Hello_French                             0x00006b13   Data           5  tetris.o(.constdata)
    Goodbye_English                          0x00006b18   Data           8  tetris.o(.constdata)
    Goodbye_Spanish                          0x00006b20   Data           6  tetris.o(.constdata)
    Goodbye_Portuguese                       0x00006b26   Data           6  tetris.o(.constdata)
    Goodbye_French                           0x00006b2c   Data          10  tetris.o(.constdata)
    Language_English                         0x00006b36   Data           8  tetris.o(.constdata)
    Language_Spanish                         0x00006b3e   Data           8  tetris.o(.constdata)
    Language_Portuguese                      0x00006b46   Data          10  tetris.o(.constdata)
    Language_French                          0x00006b50   Data           9  tetris.o(.constdata)
    Region$$Table$$Base                      0x00006b5c   Number         0  anon$$obj.o(Region$$Table)
    Region$$Table$$Limit                     0x00006b7c   Number         0  anon$$obj.o(Region$$Table)
    soundplay0                               0x20000000   Data           4  timer0.o(.data)
    soundplay1                               0x20000004   Data           4  timer0.o(.data)
    soundplay2                               0x20000008   Data           4  timer0.o(.data)
    timercount                               0x2000000c   Data           4  timer0.o(.data)
    rowclear                                 0x20000010   Data        3654  sound.o(.data)
    tetris                                   0x20000e56   Data        3919  sound.o(.data)
    gameover                                 0x20001da5   Data        5376  sound.o(.data)
    rowclearCounter                          0x200032a8   Data           4  sound.o(.data)
    gameoverCounter                          0x200032ac   Data           4  sound.o(.data)
    tetrisCounter                            0x200032b0   Data           4  sound.o(.data)
    StX                                      0x200032b4   Data           4  st7735.o(.data)
    StY                                      0x200032b8   Data           4  st7735.o(.data)
    StTextColor                              0x200032bc   Data           2  st7735.o(.data)
    Messageindex                             0x200032c8   Data           4  st7735.o(.data)
    Ymax                                     0x200032cc   Data           4  st7735.o(.data)
    Ymin                                     0x200032d0   Data           4  st7735.o(.data)
    X                                        0x200032d4   Data           4  st7735.o(.data)
    Yrange                                   0x200032d8   Data           4  st7735.o(.data)
    lastj                                    0x200032dc   Data           4  st7735.o(.data)
    PeriodicTask2                            0x200032e0   Data           4  texas.o(.data)
    myLanguage                               0x200032e4   Data           1  tetris.o(.data)
    Phrases                                  0x200032e8   Data          48  tetris.o(.data)
    gamestart                                0x20003738   Data           4  tetris.o(.data)
    BLOCK                                    0x2000373c   Data           1  tetris.o(.data)
    xpos                                     0x2000373d   Data           1  tetris.o(.data)
    ypos                                     0x2000373e   Data           1  tetris.o(.data)
    wantedXpos                               0x2000373f   Data           1  tetris.o(.data)
    wantedYpos                               0x20003740   Data           1  tetris.o(.data)
    score                                    0x20003744   Data           4  tetris.o(.data)
    FallingEdges                             0x20003748   Data           4  tetris.o(.data)
    FallingEdges1                            0x2000374c   Data           4  tetris.o(.data)
    n                                        0x20003750   Data           4  tetris.o(.data)
    status                                   0x20003754   Data           1  tetris.o(.data)
    tetrisBoard                              0x2000375c   Data         260  tetris.o(.bss)
    __libspace_start                         0x20003860   Data          96  libspace.o(.bss)
    __temporary_stack_top$libspace           0x200038c0   Data           0  libspace.o(.bss)



==============================================================================

Memory Map of the image

  Image Entry point : 0x0000026d

  Load Region LR_1 (Base: 0x00000000, Size: 0x0000a2d8, Max: 0xffffffff, ABSOLUTE, COMPRESSED[0x00007640])

    Execution Region ER_RO (Exec base: 0x00000000, Load base: 0x00000000, Size: 0x00006b7c, Max: 0xffffffff, ABSOLUTE)

    Exec Addr    Load Addr    Size         Type   Attr      Idx    E Section Name        Object

    0x00000000   0x00000000   0x00000284   Code   RO            3  * RESET               startup.o
    0x00000284   0x00000284   0x00000008   Code   RO          771  * !!!main             c_w.l(__main.o)
    0x0000028c   0x0000028c   0x00000034   Code   RO          932    !!!scatter          c_w.l(__scatter.o)
    0x000002c0   0x000002c0   0x00000064   Code   RO          930    !!dclz77c           c_w.l(__dclz77c.o)
    0x00000324   0x00000324   0x0000001c   Code   RO          934    !!handler_zi        c_w.l(__scatter_zi.o)
    0x00000340   0x00000340   0x00000002   Code   RO          798    .ARM.Collect$$libinit$$00000000  c_w.l(libinit.o)
    0x00000342   0x00000342   0x00000000   Code   RO          805    .ARM.Collect$$libinit$$00000002  c_w.l(libinit2.o)
    0x00000342   0x00000342   0x00000000   Code   RO          807    .ARM.Collect$$libinit$$00000004  c_w.l(libinit2.o)
    0x00000342   0x00000342   0x00000000   Code   RO          810    .ARM.Collect$$libinit$$0000000A  c_w.l(libinit2.o)
    0x00000342   0x00000342   0x00000000   Code   RO          812    .ARM.Collect$$libinit$$0000000C  c_w.l(libinit2.o)
    0x00000342   0x00000342   0x00000000   Code   RO          814    .ARM.Collect$$libinit$$0000000E  c_w.l(libinit2.o)
    0x00000342   0x00000342   0x00000000   Code   RO          817    .ARM.Collect$$libinit$$00000011  c_w.l(libinit2.o)
    0x00000342   0x00000342   0x00000000   Code   RO          819    .ARM.Collect$$libinit$$00000013  c_w.l(libinit2.o)
    0x00000342   0x00000342   0x00000000   Code   RO          821    .ARM.Collect$$libinit$$00000015  c_w.l(libinit2.o)
    0x00000342   0x00000342   0x00000000   Code   RO          823    .ARM.Collect$$libinit$$00000017  c_w.l(libinit2.o)
    0x00000342   0x00000342   0x00000000   Code   RO          825    .ARM.Collect$$libinit$$00000019  c_w.l(libinit2.o)
    0x00000342   0x00000342   0x00000000   Code   RO          827    .ARM.Collect$$libinit$$0000001B  c_w.l(libinit2.o)
    0x00000342   0x00000342   0x00000000   Code   RO          829    .ARM.Collect$$libinit$$0000001D  c_w.l(libinit2.o)
    0x00000342   0x00000342   0x00000000   Code   RO          831    .ARM.Collect$$libinit$$0000001F  c_w.l(libinit2.o)
    0x00000342   0x00000342   0x00000000   Code   RO          833    .ARM.Collect$$libinit$$00000021  c_w.l(libinit2.o)
    0x00000342   0x00000342   0x00000000   Code   RO          835    .ARM.Collect$$libinit$$00000023  c_w.l(libinit2.o)
    0x00000342   0x00000342   0x00000000   Code   RO          837    .ARM.Collect$$libinit$$00000025  c_w.l(libinit2.o)
    0x00000342   0x00000342   0x00000000   Code   RO          841    .ARM.Collect$$libinit$$0000002C  c_w.l(libinit2.o)
    0x00000342   0x00000342   0x00000000   Code   RO          843    .ARM.Collect$$libinit$$0000002E  c_w.l(libinit2.o)
    0x00000342   0x00000342   0x00000000   Code   RO          845    .ARM.Collect$$libinit$$00000030  c_w.l(libinit2.o)
    0x00000342   0x00000342   0x00000000   Code   RO          847    .ARM.Collect$$libinit$$00000032  c_w.l(libinit2.o)
    0x00000342   0x00000342   0x00000002   Code   RO          848    .ARM.Collect$$libinit$$00000033  c_w.l(libinit2.o)
    0x00000344   0x00000344   0x00000002   Code   RO          868    .ARM.Collect$$libshutdown$$00000000  c_w.l(libshutdown.o)
    0x00000346   0x00000346   0x00000000   Code   RO          881    .ARM.Collect$$libshutdown$$00000002  c_w.l(libshutdown2.o)
    0x00000346   0x00000346   0x00000000   Code   RO          883    .ARM.Collect$$libshutdown$$00000004  c_w.l(libshutdown2.o)
    0x00000346   0x00000346   0x00000000   Code   RO          885    .ARM.Collect$$libshutdown$$00000006  c_w.l(libshutdown2.o)
    0x00000346   0x00000346   0x00000000   Code   RO          888    .ARM.Collect$$libshutdown$$00000009  c_w.l(libshutdown2.o)
    0x00000346   0x00000346   0x00000000   Code   RO          891    .ARM.Collect$$libshutdown$$0000000C  c_w.l(libshutdown2.o)
    0x00000346   0x00000346   0x00000000   Code   RO          893    .ARM.Collect$$libshutdown$$0000000E  c_w.l(libshutdown2.o)
    0x00000346   0x00000346   0x00000000   Code   RO          896    .ARM.Collect$$libshutdown$$00000011  c_w.l(libshutdown2.o)
    0x00000346   0x00000346   0x00000002   Code   RO          897    .ARM.Collect$$libshutdown$$00000012  c_w.l(libshutdown2.o)
    0x00000348   0x00000348   0x00000000   Code   RO          773    .ARM.Collect$$rtentry$$00000000  c_w.l(__rtentry.o)
    0x00000348   0x00000348   0x00000000   Code   RO          775    .ARM.Collect$$rtentry$$00000002  c_w.l(__rtentry2.o)
    0x00000348   0x00000348   0x00000006   Code   RO          787    .ARM.Collect$$rtentry$$00000004  c_w.l(__rtentry4.o)
    0x0000034e   0x0000034e   0x00000000   Code   RO          777    .ARM.Collect$$rtentry$$00000009  c_w.l(__rtentry2.o)
    0x0000034e   0x0000034e   0x00000004   Code   RO          778    .ARM.Collect$$rtentry$$0000000A  c_w.l(__rtentry2.o)
    0x00000352   0x00000352   0x00000000   Code   RO          780    .ARM.Collect$$rtentry$$0000000C  c_w.l(__rtentry2.o)
    0x00000352   0x00000352   0x00000008   Code   RO          781    .ARM.Collect$$rtentry$$0000000D  c_w.l(__rtentry2.o)
    0x0000035a   0x0000035a   0x00000002   Code   RO          802    .ARM.Collect$$rtexit$$00000000  c_w.l(rtexit.o)
    0x0000035c   0x0000035c   0x00000000   Code   RO          850    .ARM.Collect$$rtexit$$00000002  c_w.l(rtexit2.o)
    0x0000035c   0x0000035c   0x00000004   Code   RO          851    .ARM.Collect$$rtexit$$00000003  c_w.l(rtexit2.o)
    0x00000360   0x00000360   0x00000006   Code   RO          852    .ARM.Collect$$rtexit$$00000004  c_w.l(rtexit2.o)
    0x00000366   0x00000366   0x00000002   PAD
    0x00000368   0x00000368   0x00000030   Code   RO            4    .text               startup.o
    0x00000398   0x00000398   0x00000040   Code   RO           13    .text               random.o
    0x000003d8   0x000003d8   0x00000058   Code   RO          212    .text               lcd.o
    0x00000430   0x00000430   0x000000e0   Code   RO          215    .text               print.o
    0x00000510   0x00000510   0x00000006   Code   RO          769    .text               c_w.l(heapauxi.o)
    0x00000516   0x00000516   0x0000004a   Code   RO          789    .text               c_w.l(sys_stackheap_outer.o)
    0x00000560   0x00000560   0x00000012   Code   RO          791    .text               c_w.l(exit.o)
    0x00000572   0x00000572   0x00000002   PAD
    0x00000574   0x00000574   0x00000008   Code   RO          799    .text               c_w.l(libspace.o)
    0x0000057c   0x0000057c   0x0000000c   Code   RO          860    .text               c_w.l(sys_exit.o)
    0x00000588   0x00000588   0x00000002   Code   RO          871    .text               c_w.l(use_no_semi.o)
    0x0000058a   0x0000058a   0x00000000   Code   RO          873    .text               c_w.l(indicate_semi.o)
    0x0000058a   0x0000058a   0x00000002   PAD
    0x0000058c   0x0000058c   0x0000002c   Code   RO           41    i.ADC_In            adc.o
    0x000005b8   0x000005b8   0x000000ec   Code   RO           42    i.ADC_Init          adc.o
    0x000006a4   0x000006a4   0x000000b8   Code   RO           43    i.ADC_Position      adc.o
    0x0000075c   0x0000075c   0x00000048   Code   RO           16    i.DAC_Init          dac.o
    0x000007a4   0x000007a4   0x0000000c   Code   RO           17    i.DAC_Out           dac.o
    0x000007b0   0x000007b0   0x00000020   Code   RO          218    i.Delay1ms          st7735.o
    0x000007d0   0x000007d0   0x0000019c   Code   RO          624    i.EdgeCounter_Init  tetris.o
    0x0000096c   0x0000096c   0x00000030   Code   RO          625    i.GPIOPortE_Handler  tetris.o
    0x0000099c   0x0000099c   0x00000030   Code   RO          626    i.GPIOPortF_Handler  tetris.o
    0x000009cc   0x000009cc   0x00000120   Code   RO          225    i.ST7735_DrawBitmap  st7735.o
    0x00000aec   0x00000aec   0x000000f8   Code   RO          227    i.ST7735_DrawCharS  st7735.o
    0x00000be4   0x00000be4   0x00000048   Code   RO          231    i.ST7735_DrawPixel  st7735.o
    0x00000c2c   0x00000c2c   0x00000054   Code   RO          233    i.ST7735_DrawString  st7735.o
    0x00000c80   0x00000c80   0x000000ac   Code   RO          234    i.ST7735_FillRect   st7735.o
    0x00000d2c   0x00000d2c   0x00000024   Code   RO          235    i.ST7735_FillScreen  st7735.o
    0x00000d50   0x00000d50   0x0000007c   Code   RO          237    i.ST7735_InitR      st7735.o
    0x00000dcc   0x00000dcc   0x000000d4   Code   RO          239    i.ST7735_OutChar    st7735.o
    0x00000ea0   0x00000ea0   0x00000016   Code   RO          240    i.ST7735_OutString  st7735.o
    0x00000eb6   0x00000eb6   0x00000002   PAD
    0x00000eb8   0x00000eb8   0x00000020   Code   RO          250    i.ST7735_SetCursor  st7735.o
    0x00000ed8   0x00000ed8   0x0000000c   Code   RO          252    i.ST7735_SetTextColor  st7735.o
    0x00000ee4   0x00000ee4   0x00000012   Code   RO          173    i.Sound_Init        sound.o
    0x00000ef6   0x00000ef6   0x00000002   PAD
    0x00000ef8   0x00000ef8   0x0000039c   Code   RO          628    i.SysTick_Handler   tetris.o
    0x00001294   0x00001294   0x00000030   Code   RO          629    i.SysTick_Init      tetris.o
    0x000012c4   0x000012c4   0x00000014   Code   RO           83    i.Timer0A_Handler   timer0.o
    0x000012d8   0x000012d8   0x00000014   Code   RO           84    i.Timer0A_Start     timer0.o
    0x000012ec   0x000012ec   0x00000014   Code   RO           85    i.Timer0A_Stop      timer0.o
    0x00001300   0x00001300   0x00000060   Code   RO           86    i.Timer0_Init       timer0.o
    0x00001360   0x00001360   0x0000000c   Code   RO          630    i.Timer1A_Handler   tetris.o
    0x0000136c   0x0000136c   0x00000014   Code   RO           87    i.Timer1B_Handler   timer0.o
    0x00001380   0x00001380   0x00000014   Code   RO           88    i.Timer1B_Start     timer0.o
    0x00001394   0x00001394   0x00000014   Code   RO           89    i.Timer1B_Stop      timer0.o
    0x000013a8   0x000013a8   0x00000060   Code   RO           90    i.Timer1_Init       timer0.o
    0x00001408   0x00001408   0x00000020   Code   RO           91    i.Timer2A_Handler   timer0.o
    0x00001428   0x00001428   0x00000014   Code   RO           92    i.Timer2A_Start     timer0.o
    0x0000143c   0x0000143c   0x00000014   Code   RO           93    i.Timer2A_Stop      timer0.o
    0x00001450   0x00001450   0x00000060   Code   RO           94    i.Timer2_Init       timer0.o
    0x000014b0   0x000014b0   0x00000018   Code   RO          512    i.Timer5A_Handler   texas.o
    0x000014c8   0x000014c8   0x00000138   Code   RO          631    i.blockDrop         tetris.o
    0x00001600   0x00001600   0x000000a0   Code   RO          632    i.checkClear        tetris.o
    0x000016a0   0x000016a0   0x00000020   Code   RO          633    i.checkGameOver     tetris.o
    0x000016c0   0x000016c0   0x000000a0   Code   RO          634    i.collisionCheckX   tetris.o
    0x00001760   0x00001760   0x00000080   Code   RO          635    i.collisionCheckY   tetris.o
    0x000017e0   0x000017e0   0x00000056   Code   RO          254    i.commandList       st7735.o
    0x00001836   0x00001836   0x00000002   PAD
    0x00001838   0x00001838   0x00000188   Code   RO          255    i.commonInit        st7735.o
    0x000019c0   0x000019c0   0x00000048   Code   RO          636    i.drawBoard         tetris.o
    0x00001a08   0x00001a08   0x00000074   Code   RO          637    i.drawSquare        tetris.o
    0x00001a7c   0x00001a7c   0x000000c4   Code   RO          638    i.languageSelection  tetris.o
    0x00001b40   0x00001b40   0x000002fc   Code   RO          639    i.main              tetris.o
    0x00001e3c   0x00001e3c   0x00000038   Code   RO          174    i.playgameover      sound.o
    0x00001e74   0x00001e74   0x0000003c   Code   RO          175    i.playrowclear      sound.o
    0x00001eb0   0x00001eb0   0x0000003c   Code   RO          176    i.playtetris        sound.o
    0x00001eec   0x00001eec   0x00000012   Code   RO          261    i.pushColor         st7735.o
    0x00001efe   0x00001efe   0x00000002   PAD
    0x00001f00   0x00001f00   0x000001ac   Code   RO          640    i.rotateBlock       tetris.o
    0x000020ac   0x000020ac   0x00000074   Code   RO          262    i.setAddrWindow     st7735.o
    0x00002120   0x00002120   0x00000842   Data   RO          264    .constdata          st7735.o
    0x00002962   0x00002962   0x000041f7   Data   RO          642    .constdata          tetris.o
    0x00006b59   0x00006b59   0x00000003   PAD
    0x00006b5c   0x00006b5c   0x00000020   Data   RO          928    Region$$Table       anon$$obj.o


    Execution Region ER_RW (Exec base: 0x20000000, Load base: 0x00006b7c, Size: 0x0000375c, Max: 0xffffffff, ABSOLUTE, COMPRESSED[0x00000ac4])

    Exec Addr    Load Addr    Size         Type   Attr      Idx    E Section Name        Object

    0x20000000   COMPRESSED   0x00000010   Data   RW           95    .data               timer0.o
    0x20000010   COMPRESSED   0x000032a4   Data   RW          177    .data               sound.o
    0x200032b4   COMPRESSED   0x0000002c   Data   RW          265    .data               st7735.o
    0x200032e0   COMPRESSED   0x00000004   Data   RW          517    .data               texas.o
    0x200032e4   COMPRESSED   0x00000471   Data   RW          643    .data               tetris.o
    0x20003755   COMPRESSED   0x00000003   PAD
    0x20003758   COMPRESSED   0x00000004   Data   RW           12    DATA                random.o


    Execution Region ER_ZI (Exec base: 0x2000375c, Load base: 0x00007640, Size: 0x00000564, Max: 0xffffffff, ABSOLUTE)

    Exec Addr    Load Addr    Size         Type   Attr      Idx    E Section Name        Object

    0x2000375c        -       0x00000104   Zero   RW          641    .bss                tetris.o
    0x20003860        -       0x00000060   Zero   RW          800    .bss                c_w.l(libspace.o)
    0x200038c0        -       0x00000000   Zero   RW            2    HEAP                startup.o
    0x200038c0        -       0x00000400   Zero   RW            1    STACK               startup.o


==============================================================================

Image component sizes


      Code (inc. data)   RO Data    RW Data    ZI Data      Debug   Object Name

       464         30          0          0          0       1551   adc.o
        84         18          0          0          0       5341   dac.o
        88         12          0          0          0        252   lcd.o
       224          6          0          0          0        300   print.o
        64         14          0          4          0        248   random.o
       194         28          0      12964          0       2597   sound.o
      1946        190       2114         44          0      14075   st7735.o
       692        632          0          0       1024        996   startup.o
      3860        498      16887       1137        260      12618   tetris.o
        24          8          0          4          0       1282   texas.o
       480        122          0         16          0       5859   timer0.o

    ----------------------------------------------------------------------
      8128       1558      19036      14172       1284      45119   Object Totals
         0          0         32          0          0          0   (incl. Generated)
         8          0          3          3          0          0   (incl. Padding)

    ----------------------------------------------------------------------

      Code (inc. data)   RO Data    RW Data    ZI Data      Debug   Library Member Name

       100          0          0          0          0          0   __dclz77c.o
         8          0          0          0          0         68   __main.o
         0          0          0          0          0          0   __rtentry.o
        12          0          0          0          0          0   __rtentry2.o
         6          0          0          0          0          0   __rtentry4.o
        52          8          0          0          0          0   __scatter.o
        28          0          0          0          0          0   __scatter_zi.o
        18          0          0          0          0         80   exit.o
         6          0          0          0          0        152   heapauxi.o
         0          0          0          0          0          0   indicate_semi.o
         2          0          0          0          0          0   libinit.o
         2          0          0          0          0          0   libinit2.o
         2          0          0          0          0          0   libshutdown.o
         2          0          0          0          0          0   libshutdown2.o
         8          4          0          0         96         68   libspace.o
         2          0          0          0          0          0   rtexit.o
        10          0          0          0          0          0   rtexit2.o
        12          4          0          0          0         68   sys_exit.o
        74          0          0          0          0         80   sys_stackheap_outer.o
         2          0          0          0          0         68   use_no_semi.o

    ----------------------------------------------------------------------
       352         16          0          0         96        584   Library Totals
         6          0          0          0          0          0   (incl. Padding)

    ----------------------------------------------------------------------

      Code (inc. data)   RO Data    RW Data    ZI Data      Debug   Library Name

       346         16          0          0         96        584   c_w.l

    ----------------------------------------------------------------------
       352         16          0          0         96        584   Library Totals

    ----------------------------------------------------------------------

==============================================================================


      Code (inc. data)   RO Data    RW Data    ZI Data      Debug   

      8480       1574      19036      14172       1380      42943   Grand Totals
      8480       1574      19036       2756       1380      42943   ELF Image Totals (compressed)
      8480       1574      19036       2756          0          0   ROM Totals

==============================================================================

    Total RO  Size (Code + RO Data)                27516 (  26.87kB)
    Total RW  Size (RW Data + ZI Data)             15552 (  15.19kB)
    Total ROM Size (Code + RO Data + RW Data)      30272 (  29.56kB)

==============================================================================

